
> tacticssd@0.1.0 build
> tsc --noEmit && vite build

vite v8.3.1 building client environment for production...
transforming...
✓ 842 modules transformed.
rendering chunks...
computing gzip size...
dist/index.html                                       0.50 kB │ gzip:   0.34 kB
dist/game/index.html                                  0.57 kB │ gzip:   0.35 kB
dist/tools/characterRig/index.html                    1.09 kB │ gzip:   0.47 kB
dist/assets/rig-XAm7yo0A.json                        17.69 kB │ gzip:   1.14 kB
dist/assets/rig-DmrgwESL.json                        17.69 kB │ gzip:   1.15 kB
dist/assets/rig-Cfe5IUAv.json                        17.69 kB │ gzip:   1.16 kB
dist/assets/rig-CiHgS-gL.json                        17.69 kB │ gzip:   1.16 kB
dist/assets/rig-Ba_CP4JK.json                        17.70 kB │ gzip:   1.17 kB
dist/assets/rig-BdBmHvNc.json                        17.70 kB │ gzip:   1.18 kB
dist/assets/rig-Co1BPWz8.json                        17.70 kB │ gzip:   1.14 kB
dist/assets/rig-izkPbvM7.json                        17.71 kB │ gzip:   1.14 kB
dist/assets/parts-BpbcmzhJ.png                      359.91 kB
dist/assets/parts-DaOsl9tI.png                      375.76 kB
dist/assets/parts-CfJ3eABH.png                      388.50 kB
dist/assets/parts-D-VlUuuM.png                      398.53 kB
dist/assets/parts-DrF9VnHW.png                      413.91 kB
dist/assets/parts-B2rZVnef.png                      456.00 kB
dist/assets/parts-ay13AWLy.png                      456.77 kB
dist/assets/parts-DIeO_rOp.png                      534.74 kB
dist/assets/weapons-D_UtZ_hF.png                    988.47 kB
dist/assets/elf-parts-sheet-DtgqXvRE.png          1,758.15 kB
dist/assets/items-CE-hbH-j.png                    3,191.21 kB
dist/assets/terrain-CP2e0Suw.png                  3,206.65 kB
dist/assets/world-map-DQ14sUO_.png                3,897.36 kB
dist/assets/main-CI-GPnD7.css                         2.39 kB │ gzip:   0.95 kB
dist/assets/characterRig-BdmKTItN.css                 9.26 kB │ gzip:   2.83 kB
dist/assets/game-BbhuyRB_.css                        19.31 kB │ gzip:   5.20 kB
dist/assets/webworkerAll-Ca8cat8K.js                  0.05 kB │ gzip:   0.06 kB
dist/assets/WebGLRenderer-DeIftrxI.js                 0.07 kB │ gzip:   0.07 kB
dist/assets/CanvasRenderer-CHRIHt4W.js                0.07 kB │ gzip:   0.08 kB
dist/assets/WebGPURenderer-DnyskhE0.js                0.07 kB │ gzip:   0.08 kB
dist/assets/getTextureBatchBindGroup-Ddzz0M-K.js      0.34 kB │ gzip:   0.26 kB
dist/assets/modulepreload-polyfill-P2Xu9kJm.js        0.67 kB │ gzip:   0.38 kB
dist/assets/main-Bg2xod8J.js                          1.87 kB │ gzip:   1.08 kB
dist/assets/canvasUtils-VDRHI1Sg.js                   6.05 kB │ gzip:   2.05 kB
dist/assets/BufferResource-BzFMX2Lp.js               11.02 kB │ gzip:   2.82 kB
dist/assets/init-DmapiEjX.js                         15.72 kB │ gzip:   4.94 kB
dist/assets/init-B4y5jvQ3.js                         24.68 kB │ gzip:   8.49 kB
dist/assets/browserAll-BgOyVNtM.js                   42.65 kB │ gzip:  11.19 kB
dist/assets/WebGPURenderer-3qqQf9c7.js               47.89 kB │ gzip:  13.76 kB
dist/assets/WebGLRenderer-Bj9kpEtO.js                71.66 kB │ gzip:  19.49 kB
dist/assets/characterRig-C1WMwKxr.js                 72.93 kB │ gzip:  21.99 kB
dist/assets/RenderTargetSystem-CWRxk8dd.js           78.08 kB │ gzip:  22.10 kB
dist/assets/CanvasRenderer-DO9bQzfc.js               88.51 kB │ gzip:  27.84 kB
dist/assets/CanvasPool-BqlnJ8fZ.js                  110.19 kB │ gzip:  33.52 kB
dist/assets/game-BjmlHawV.js                        437.21 kB │ gzip:  53.35 kB
dist/assets/standee-aPtqkSp_.js                     651.76 kB │ gzip: 168.81 kB

✓ built in 525ms
