
> tacticssd@0.1.0 verify
> npm run lint && npm run build && npm run test:all


> tacticssd@0.1.0 lint
> tsc --noEmit && git diff --check


> tacticssd@0.1.0 build
> tsc --noEmit && vite build

vite v8.3.1 building client environment for production...
transforming...
✓ 814 modules transformed.
rendering chunks...
computing gzip size...
dist/index.html                                       0.50 kB │ gzip:  0.34 kB
dist/game/index.html                                  0.57 kB │ gzip:  0.35 kB
dist/tools/characterRig/index.html                    1.09 kB │ gzip:  0.46 kB
dist/assets/weapons-D_UtZ_hF.png                    988.47 kB
dist/assets/dawn-parts-BDqVgwso.png               1,440.08 kB
dist/assets/elf-parts-sheet-DtgqXvRE.png          1,758.15 kB
dist/assets/terrain-CP2e0Suw.png                  3,206.65 kB
dist/assets/world-map-DQ14sUO_.png                3,897.36 kB
dist/assets/main-CI-GPnD7.css                         2.39 kB │ gzip:  0.95 kB
dist/assets/characterRig-BYmJ0lht.css                 9.11 kB │ gzip:  2.79 kB
dist/assets/game-B5Y4jsYZ.css                        13.56 kB │ gzip:  3.99 kB
dist/assets/webworkerAll-Ca8cat8K.js                  0.05 kB │ gzip:  0.06 kB
dist/assets/WebGLRenderer-DeIftrxI.js                 0.07 kB │ gzip:  0.07 kB
dist/assets/CanvasRenderer-CHRIHt4W.js                0.07 kB │ gzip:  0.08 kB
dist/assets/WebGPURenderer-DnyskhE0.js                0.07 kB │ gzip:  0.08 kB
dist/assets/getTextureBatchBindGroup-Ddzz0M-K.js      0.34 kB │ gzip:  0.26 kB
dist/assets/modulepreload-polyfill-P2Xu9kJm.js        0.67 kB │ gzip:  0.38 kB
dist/assets/main-Bg2xod8J.js                          1.87 kB │ gzip:  1.08 kB
dist/assets/canvasUtils-VDRHI1Sg.js                   6.05 kB │ gzip:  2.05 kB
dist/assets/BufferResource-BzFMX2Lp.js               11.02 kB │ gzip:  2.82 kB
dist/assets/init-DmapiEjX.js                         15.72 kB │ gzip:  4.94 kB
dist/assets/init-B4y5jvQ3.js                         24.68 kB │ gzip:  8.49 kB
dist/assets/browserAll-BgOyVNtM.js                   42.65 kB │ gzip: 11.19 kB
dist/assets/WebGPURenderer-3qqQf9c7.js               47.89 kB │ gzip: 13.76 kB
dist/assets/characterRig-BOwSMnC8.js                 47.96 kB │ gzip: 16.05 kB
dist/assets/game-BjMxUMlI.js                         71.21 kB │ gzip: 25.94 kB
dist/assets/WebGLRenderer-Bj9kpEtO.js                71.66 kB │ gzip: 19.49 kB
dist/assets/animator-DY6ftgpV.js                     76.59 kB │ gzip: 22.28 kB
dist/assets/RenderTargetSystem-CWRxk8dd.js           78.08 kB │ gzip: 22.10 kB
dist/assets/CanvasRenderer-DO9bQzfc.js               88.51 kB │ gzip: 27.84 kB
dist/assets/CanvasPool-BqlnJ8fZ.js                  110.19 kB │ gzip: 33.52 kB

✓ built in 266ms

> tacticssd@0.1.0 test:all
> npm run test && npm run test:browser


> tacticssd@0.1.0 test
> vitest run


 RUN  v5.0.2 /home/deck/Documents/TacticsSD


 Test Files  7 passed (7)
      Tests  71 passed (71)
   Start at  17:24:57
   Duration  638ms (import 43%, transform 38%, tests 17%, worker 2%)


> tacticssd@0.1.0 test:browser
> playwright test


Running 37 tests using 1 worker

(node:476981) Warning: The 'NO_COLOR' env is ignored due to the 'FORCE_COLOR' env being set.
(Use `node --trace-warnings ...` to show where the warning was created)
  ✓   1 tests/browser/navigation.spec.ts:10:1 › main loads independently, buttons navigate into the tool and back without duplicate renderers (2.9s)
  ✓   2 tests/browser/navigation.spec.ts:37:1 › tool supports direct links, reload, browser back and forward (2.2s)
  ✓   3 tests/browser/navigation.spec.ts:50:1 › leaving an edited rig can be cancelled to keep the draft (1.2s)
  ✓   4 tests/browser/navigation.spec.ts:63:1 › main page and tool entry remain keyboard accessible at mobile width (1.1s)
  ✓   5 tests/game/tests/browser/expansion.spec.ts:8:1 › editor v2 export, replacement import and reload preserve the actual game art (3.0s)
  ✓   6 tests/game/tests/browser/expansion.spec.ts:20:1 › six recruits and training actions stay visible at 1024×768 DPR2 and saved learning is playable (2.2s)
  ✓   7 tests/game/tests/browser/expansion.spec.ts:23:1 › mockpad equips all five slots, sees summed stats and restores them into battle (10.6s)
  ✘   8 tests/game/tests/browser/game.spec.ts:134:1 › keyboard full campaign, equipment, save and real 1024x768 DPR2 screenshots (3.8m)
(node:477874) Warning: The 'NO_COLOR' env is ignored due to the 'FORCE_COLOR' env being set.
(Use `node --trace-warnings ...` to show where the warning was created)
  ✘   9 tests/game/tests/browser/game.spec.ts:187:1 › simulated standard gamepad completes battle and reconnect restores focus safely (187ms)
(node:477985) Warning: The 'NO_COLOR' env is ignored due to the 'FORCE_COLOR' env being set.
(Use `node --trace-warnings ...` to show where the warning was created)
  ✘  10 tests/game/tests/browser/game.spec.ts:223:1 › mapping keyboard capture, cancel, saved restore and defaults; responsive resize (185ms)
(node:478090) Warning: The 'NO_COLOR' env is ignored due to the 'FORCE_COLOR' env being set.
(Use `node --trace-warnings ...` to show where the warning was created)
  ✘  11 tests/game/tests/browser/game.spec.ts:255:1 › defeat and restart accessible with keyboard, corrupted saves recover (174ms)
(node:478186) Warning: The 'NO_COLOR' env is ignored due to the 'FORCE_COLOR' env being set.
(Use `node --trace-warnings ...` to show where the warning was created)
  ✘  12 tests/game/tests/browser/game.spec.ts:270:1 › gamepad button remap persists, modal traps focus, moving view stays on same logical tile (169ms)
(node:478292) Warning: The 'NO_COLOR' env is ignored due to the 'FORCE_COLOR' env being set.
(Use `node --trace-warnings ...` to show where the warning was created)
  ✘  13 tests/game/tests/browser/game.spec.ts:336:1 › generated rig opens in existing editor, animates four directions and saves v2 without altering original presets (173ms)
(node:478406) Warning: The 'NO_COLOR' env is ignored due to the 'FORCE_COLOR' env being set.
(Use `node --trace-warnings ...` to show where the warning was created)
  ✘  14 tests/game/tests/browser/regression.spec.ts:9:1 › F01 keyboard focus on target cancel returns without attacking (175ms)
(node:478510) Warning: The 'NO_COLOR' env is ignored due to the 'FORCE_COLOR' env being set.
(Use `node --trace-warnings ...` to show where the warning was created)
  ✘  15 tests/game/tests/browser/regression.spec.ts:10:1 › F02 controller can cancel both keyboard and button capture without a keyboard (184ms)
(node:478617) Warning: The 'NO_COLOR' env is ignored due to the 'FORCE_COLOR' env being set.
(Use `node --trace-warnings ...` to show where the warning was created)
  ✘  16 tests/game/tests/browser/regression.spec.ts:11:1 › F03 reserved Tab is not saved; a remapped Space performs only its action (170ms)
(node:478713) Warning: The 'NO_COLOR' env is ignored due to the 'FORCE_COLOR' env being set.
(Use `node --trace-warnings ...` to show where the warning was created)
  ✘  17 tests/game/tests/browser/regression.spec.ts:12:1 › F04 held input cannot dismiss pause on refocus or controller disconnect (178ms)
(node:478809) Warning: The 'NO_COLOR' env is ignored due to the 'FORCE_COLOR' env being set.
(Use `node --trace-warnings ...` to show where the warning was created)
  ✘  18 tests/game/tests/browser/regression.spec.ts:13:1 › F05 canceling end-turn grants no free guard (172ms)
(node:478919) Warning: The 'NO_COLOR' env is ignored due to the 'FORCE_COLOR' env being set.
(Use `node --trace-warnings ...` to show where the warning was created)
  ✘  19 tests/game/tests/browser/regression.spec.ts:14:1 › F08 editor replacement references are rendered rather than silently discarded (170ms)
(node:479016) Warning: The 'NO_COLOR' env is ignored due to the 'FORCE_COLOR' env being set.
(Use `node --trace-warnings ...` to show where the warning was created)
  ✘  20 tests/game/tests/browser/regression.spec.ts:15:1 › F09 unit labels are drawn after all opaque terrain and sprites in both projections (166ms)
(node:479111) Warning: The 'NO_COLOR' env is ignored due to the 'FORCE_COLOR' env being set.
(Use `node --trace-warnings ...` to show where the warning was created)
  ✘  21 tests/game/tests/browser/regression.spec.ts:17:1 › Tab focus on settings during facing opens settings without ending the AT (165ms)
(node:479215) Warning: The 'NO_COLOR' env is ignored due to the 'FORCE_COLOR' env being set.
(Use `node --trace-warnings ...` to show where the warning was created)
  ✘  22 tools/characterRig/tests/browser/directions.spec.ts:9:1 › upright defaults, mirrored joints, targeted reset and saved custom directions (178ms)
(node:479312) Warning: The 'NO_COLOR' env is ignored due to the 'FORCE_COLOR' env being set.
(Use `node --trace-warnings ...` to show where the warning was created)
  ✘  23 tools/characterRig/tests/browser/editor.spec.ts:13:1 › generated elf: edit both views, drag and resize in original pixels, keyboard, zoom and playback (171ms)
(node:479418) Warning: The 'NO_COLOR' env is ignored due to the 'FORCE_COLOR' env being set.
(Use `node --trace-warnings ...` to show where the warning was created)
  ✘  24 tools/characterRig/tests/browser/editor.spec.ts:55:1 › direction presets, visibility, solo, base transforms and immediate paused rendering (190ms)
(node:479527) Warning: The 'NO_COLOR' env is ignored due to the 'FORCE_COLOR' env being set.
(Use `node --trace-warnings ...` to show where the warning was created)
  ✘  25 tools/characterRig/tests/browser/editor.spec.ts:71:1 › save actual download, new session import, missing-image and replacement reconnect (176ms)
(node:479623) Warning: The 'NO_COLOR' env is ignored due to the 'FORCE_COLOR' env being set.
(Use `node --trace-warnings ...` to show where the warning was created)
  ✘  26 tools/characterRig/tests/browser/editor.spec.ts:87:1 › invalid JSON, bounds, bad files and mismatched relink retain the usable project (174ms)
(node:479718) Warning: The 'NO_COLOR' env is ignored due to the 'FORCE_COLOR' env being set.
(Use `node --trace-warnings ...` to show where the warning was created)
  ✘  27 tools/characterRig/tests/browser/editor.spec.ts:98:1 › image replacement and editor re-entry do not accumulate listeners, sprites or assets (176ms)
(node:479840) Warning: The 'NO_COLOR' env is ignored due to the 'FORCE_COLOR' env being set.
(Use `node --trace-warnings ...` to show where the warning was created)
  ✘  28 tools/characterRig/tests/browser/editor.spec.ts:116:1 › DPR and narrow layout preserve source coordinates and provide keyboard-accessible uploads (102ms)
(node:479943) Warning: The 'NO_COLOR' env is ignored due to the 'FORCE_COLOR' env being set.
(Use `node --trace-warnings ...` to show where the warning was created)
  ✘  29 tools/characterRig/tests/browser/editor.spec.ts:126:1 › all six parts can be drawn and numerically adjusted on Front and Back; cancel releases drag (167ms)
(node:480043) Warning: The 'NO_COLOR' env is ignored due to the 'FORCE_COLOR' env being set.
(Use `node --trace-warnings ...` to show where the warning was created)
  ✘  30 tools/characterRig/tests/browser/editor.spec.ts:146:1 › different-size and padded Front/Back align their displayed reference height and ground (173ms)
(node:480151) Warning: The 'NO_COLOR' env is ignored due to the 'FORCE_COLOR' env being set.
(Use `node --trace-warnings ...` to show where the warning was created)
  ✘  31 tools/characterRig/tests/browser/editor.spec.ts:163:1 › default atlas has transparent gaps, opaque costume, aligned soles and stable walk/reset (173ms)
(node:480249) Warning: The 'NO_COLOR' env is ignored due to the 'FORCE_COLOR' env being set.
(Use `node --trace-warnings ...` to show where the warning was created)
  ✘  32 tools/characterRig/tests/browser/editor.spec.ts:184:1 › original JPG can be loaded with an explicit nontransparent-background notice (176ms)
(node:480344) Warning: The 'NO_COLOR' env is ignored due to the 'FORCE_COLOR' env being set.
(Use `node --trace-warnings ...` to show where the warning was created)
  ✘  33 tools/characterRig/tests/browser/hierarchy.spec.ts:9:1 › body editing moves every joint in both views and all isometric directions without mutating child settings (166ms)
(node:480451) Warning: The 'NO_COLOR' env is ignored due to the 'FORCE_COLOR' env being set.
(Use `node --trace-warnings ...` to show where the warning was created)
  ✘  34 tools/characterRig/tests/browser/hierarchy.spec.ts:30:1 › socket numeric and drag editing, crop independence and invalid socket recovery (175ms)
(node:480549) Warning: The 'NO_COLOR' env is ignored due to the 'FORCE_COLOR' env being set.
(Use `node --trace-warnings ...` to show where the warning was created)
  ✘  35 tools/characterRig/tests/browser/hierarchy.spec.ts:44:1 › obsolete and future rig files are rejected without losing edits; current files still round-trip (175ms)
(node:480645) Warning: The 'NO_COLOR' env is ignored due to the 'FORCE_COLOR' env being set.
(Use `node --trace-warnings ...` to show where the warning was created)
  ✘  36 tools/characterRig/tests/browser/pixels.spec.ts:3:1 › separable PNG reconstructs pixel-for-pixel in the real Pixi renderer, including pivot edits (170ms)
(node:480741) Warning: The 'NO_COLOR' env is ignored due to the 'FORCE_COLOR' env being set.
(Use `node --trace-warnings ...` to show where the warning was created)
  ✘  37 tools/characterRig/tests/browser/pixels.spec.ts:12:1 › hierarchy inherits rotation while global layer order, parent hiding and child solo remain independent (171ms)


  1) tests/game/tests/browser/game.spec.ts:134:1 › keyboard full campaign, equipment, save and real 1024x768 DPR2 screenshots 

    Error: page.reload: net::ERR_CONNECTION_REFUSED
    Call log:
      - waiting for navigation until "load"


      180 |     await expect(page.locator('#game')).toHaveAttribute('data-screen', 'ending');
      181 |     await shot(page, 'ending');
    > 182 |     await page.reload();
          |                ^
      183 |     await choose(page, 'continue');
      184 |     await expect(page.locator('.map-info')).toContainText('3 / 3');
      185 |     expect(errors).toEqual([]);
        at /home/deck/Documents/TacticsSD/tests/game/tests/browser/game.spec.ts:182:16

    Error Context: test-results/tests-game-tests-browser-g-795ad-l-1024x768-DPR2-screenshots/error-context.md

    attachment #2: trace (application/zip) ─────────────────────────────────────────────────────────
    test-results/tests-game-tests-browser-g-795ad-l-1024x768-DPR2-screenshots/trace.zip
    Usage:

        npx playwright show-trace test-results/tests-game-tests-browser-g-795ad-l-1024x768-DPR2-screenshots/trace.zip

    ────────────────────────────────────────────────────────────────────────────────────────────────

  2) tests/game/tests/browser/game.spec.ts:187:1 › simulated standard gamepad completes battle and reconnect restores focus safely 

    Error: page.goto: net::ERR_CONNECTION_REFUSED at http://127.0.0.1:4173/game/
    Call log:
      - navigating to "http://127.0.0.1:4173/game/", waiting until "load"


      70 |             Object.defineProperty(navigator, 'getGamepads', { value: () => w.mockConnected ? [{ id: 'Simulated standard controller', index: 0, connected: true, mapping: 'standard', axes: [0, 0, 0, 0], buttons: Array.from({ length: 16 }, (_, i) => ({ pressed: w.mockButtons.includes(i), value: w.mockButtons.includes(i) ? 1 : 0 })) }] : [] });
      71 |         });
    > 72 |     await p.goto('/game/');
         |             ^
      73 |     await expect(p.locator('[data-id="new"]')).toBeFocused();
      74 |     await choose(p, 'new', pad);
      75 | }
        at boot (/home/deck/Documents/TacticsSD/tests/game/tests/browser/game.spec.ts:72:13)
        at /home/deck/Documents/TacticsSD/tests/game/tests/browser/game.spec.ts:189:5

    Error Context: test-results/tests-game-tests-browser-g-1ac10-nnect-restores-focus-safely/error-context.md

    attachment #2: trace (application/zip) ─────────────────────────────────────────────────────────
    test-results/tests-game-tests-browser-g-1ac10-nnect-restores-focus-safely/trace.zip
    Usage:

        npx playwright show-trace test-results/tests-game-tests-browser-g-1ac10-nnect-restores-focus-safely/trace.zip

    ────────────────────────────────────────────────────────────────────────────────────────────────

  3) tests/game/tests/browser/game.spec.ts:223:1 › mapping keyboard capture, cancel, saved restore and defaults; responsive resize 

    Error: page.goto: net::ERR_CONNECTION_REFUSED at http://127.0.0.1:4173/game/
    Call log:
      - navigating to "http://127.0.0.1:4173/game/", waiting until "load"


      70 |             Object.defineProperty(navigator, 'getGamepads', { value: () => w.mockConnected ? [{ id: 'Simulated standard controller', index: 0, connected: true, mapping: 'standard', axes: [0, 0, 0, 0], buttons: Array.from({ length: 16 }, (_, i) => ({ pressed: w.mockButtons.includes(i), value: w.mockButtons.includes(i) ? 1 : 0 })) }] : [] });
      71 |         });
    > 72 |     await p.goto('/game/');
         |             ^
      73 |     await expect(p.locator('[data-id="new"]')).toBeFocused();
      74 |     await choose(p, 'new', pad);
      75 | }
        at boot (/home/deck/Documents/TacticsSD/tests/game/tests/browser/game.spec.ts:72:13)
        at /home/deck/Documents/TacticsSD/tests/game/tests/browser/game.spec.ts:224:11

    Error Context: test-results/tests-game-tests-browser-g-289cf--defaults-responsive-resize/error-context.md

    attachment #2: trace (application/zip) ─────────────────────────────────────────────────────────
    test-results/tests-game-tests-browser-g-289cf--defaults-responsive-resize/trace.zip
    Usage:

        npx playwright show-trace test-results/tests-game-tests-browser-g-289cf--defaults-responsive-resize/trace.zip

    ────────────────────────────────────────────────────────────────────────────────────────────────

  4) tests/game/tests/browser/game.spec.ts:255:1 › defeat and restart accessible with keyboard, corrupted saves recover 

    Error: page.goto: net::ERR_CONNECTION_REFUSED at http://127.0.0.1:4173/game/
    Call log:
      - navigating to "http://127.0.0.1:4173/game/", waiting until "load"


      70 |             Object.defineProperty(navigator, 'getGamepads', { value: () => w.mockConnected ? [{ id: 'Simulated standard controller', index: 0, connected: true, mapping: 'standard', axes: [0, 0, 0, 0], buttons: Array.from({ length: 16 }, (_, i) => ({ pressed: w.mockButtons.includes(i), value: w.mockButtons.includes(i) ? 1 : 0 })) }] : [] });
      71 |         });
    > 72 |     await p.goto('/game/');
         |             ^
      73 |     await expect(p.locator('[data-id="new"]')).toBeFocused();
      74 |     await choose(p, 'new', pad);
      75 | }
        at boot (/home/deck/Documents/TacticsSD/tests/game/tests/browser/game.spec.ts:72:13)
        at /home/deck/Documents/TacticsSD/tests/game/tests/browser/game.spec.ts:258:11

    Error Context: test-results/tests-game-tests-browser-g-096c5-ard-corrupted-saves-recover/error-context.md

    attachment #2: trace (application/zip) ─────────────────────────────────────────────────────────
    test-results/tests-game-tests-browser-g-096c5-ard-corrupted-saves-recover/trace.zip
    Usage:

        npx playwright show-trace test-results/tests-game-tests-browser-g-096c5-ard-corrupted-saves-recover/trace.zip

    ────────────────────────────────────────────────────────────────────────────────────────────────

  5) tests/game/tests/browser/game.spec.ts:270:1 › gamepad button remap persists, modal traps focus, moving view stays on same logical tile 

    Error: page.goto: net::ERR_CONNECTION_REFUSED at http://127.0.0.1:4173/game/
    Call log:
      - navigating to "http://127.0.0.1:4173/game/", waiting until "load"


      70 |             Object.defineProperty(navigator, 'getGamepads', { value: () => w.mockConnected ? [{ id: 'Simulated standard controller', index: 0, connected: true, mapping: 'standard', axes: [0, 0, 0, 0], buttons: Array.from({ length: 16 }, (_, i) => ({ pressed: w.mockButtons.includes(i), value: w.mockButtons.includes(i) ? 1 : 0 })) }] : [] });
      71 |         });
    > 72 |     await p.goto('/game/');
         |             ^
      73 |     await expect(p.locator('[data-id="new"]')).toBeFocused();
      74 |     await choose(p, 'new', pad);
      75 | }
        at boot (/home/deck/Documents/TacticsSD/tests/game/tests/browser/game.spec.ts:72:13)
        at /home/deck/Documents/TacticsSD/tests/game/tests/browser/game.spec.ts:273:5

    Error Context: test-results/tests-game-tests-browser-g-9448b--stays-on-same-logical-tile/error-context.md

    attachment #2: trace (application/zip) ─────────────────────────────────────────────────────────
    test-results/tests-game-tests-browser-g-9448b--stays-on-same-logical-tile/trace.zip
    Usage:

        npx playwright show-trace test-results/tests-game-tests-browser-g-9448b--stays-on-same-logical-tile/trace.zip

    ────────────────────────────────────────────────────────────────────────────────────────────────

  6) tests/game/tests/browser/game.spec.ts:336:1 › generated rig opens in existing editor, animates four directions and saves v2 without altering original presets 

    Error: page.goto: net::ERR_CONNECTION_REFUSED at http://127.0.0.1:4173/tools/characterRig/
    Call log:
      - navigating to "http://127.0.0.1:4173/tools/characterRig/", waiting until "load"


      335 | });
      336 | test('generated rig opens in existing editor, animates four directions and saves v2 without altering original presets', async ({ page }) => {
    > 337 |     await page.goto('/tools/characterRig/');
          |                ^
      338 |     await expect(page.locator('#app')).toHaveAttribute('aria-busy', 'false');
      339 |     await page.locator('#load-json').setInputFiles('game/assets/dawn-rig.json');
      340 |     await expect(page.locator('#app')).toHaveAttribute('aria-busy', 'false');
        at /home/deck/Documents/TacticsSD/tests/game/tests/browser/game.spec.ts:337:16

    Error Context: test-results/tests-game-tests-browser-g-2cb0d-t-altering-original-presets/error-context.md

    attachment #2: trace (application/zip) ─────────────────────────────────────────────────────────
    test-results/tests-game-tests-browser-g-2cb0d-t-altering-original-presets/trace.zip
    Usage:

        npx playwright show-trace test-results/tests-game-tests-browser-g-2cb0d-t-altering-original-presets/trace.zip

    ────────────────────────────────────────────────────────────────────────────────────────────────

  7) tests/game/tests/browser/regression.spec.ts:9:1 › F01 keyboard focus on target cancel returns without attacking 

    Error: page.goto: net::ERR_CONNECTION_REFUSED at http://127.0.0.1:4173/game/
    Call log:
      - navigating to "http://127.0.0.1:4173/game/", waiting until "load"


      3 | const diag=(p:Page):Promise<any>=>p.evaluate('window.tacticsDiagnostics()');
      4 | async function choose(p:Page,id:string){for(let i=0;i<100;i++){if(await p.evaluate(()=> (document.activeElement as HTMLElement)?.dataset.id)===id){await p.keyboard.press('Enter');return;}await p.keyboard.press('ArrowDown');}throw Error('Unreachable '+id);}
    > 5 | async function boot(p:Page){await p.goto('/game/');await p.waitForFunction('window.tacticsDiagnostics');}
        |                                     ^
      6 | async function battle(p:Page){await boot(p);for(const id of ['new','stage-0','party','deploy','talk-0','talk-0'])await choose(p,id);}
      7 | async function mock(p:Page){await p.addInitScript(`window.padButtons=[];window.padConnected=true;Object.defineProperty(navigator,'getGamepads',{value:()=>window.padConnected?[{connected:true,index:0,mapping:'standard',axes:[0,0,0,0],buttons:Array.from({length:16},(_,i)=>({pressed:window.padButtons.includes(i),value:window.padButtons.includes(i)?1:0}))}]:[]});`);}
      8 | async function pad(p:Page,buttons:number[]){await p.evaluate(v=>{(window as any).padButtons=v},buttons);await p.waitForTimeout(65);await p.evaluate(()=>{(window as any).padButtons=[]});await p.waitForTimeout(65);}
        at boot (/home/deck/Documents/TacticsSD/tests/game/tests/browser/regression.spec.ts:5:37)
        at battle (/home/deck/Documents/TacticsSD/tests/game/tests/browser/regression.spec.ts:6:37)
        at /home/deck/Documents/TacticsSD/tests/game/tests/browser/regression.spec.ts:9:92

    Error Context: test-results/tests-game-tests-browser-r-85f39-l-returns-without-attacking/error-context.md

    attachment #2: trace (application/zip) ─────────────────────────────────────────────────────────
    test-results/tests-game-tests-browser-r-85f39-l-returns-without-attacking/trace.zip
    Usage:

        npx playwright show-trace test-results/tests-game-tests-browser-r-85f39-l-returns-without-attacking/trace.zip

    ────────────────────────────────────────────────────────────────────────────────────────────────

  8) tests/game/tests/browser/regression.spec.ts:10:1 › F02 controller can cancel both keyboard and button capture without a keyboard 

    Error: page.goto: net::ERR_CONNECTION_REFUSED at http://127.0.0.1:4173/game/
    Call log:
      - navigating to "http://127.0.0.1:4173/game/", waiting until "load"


      3 | const diag=(p:Page):Promise<any>=>p.evaluate('window.tacticsDiagnostics()');
      4 | async function choose(p:Page,id:string){for(let i=0;i<100;i++){if(await p.evaluate(()=> (document.activeElement as HTMLElement)?.dataset.id)===id){await p.keyboard.press('Enter');return;}await p.keyboard.press('ArrowDown');}throw Error('Unreachable '+id);}
    > 5 | async function boot(p:Page){await p.goto('/game/');await p.waitForFunction('window.tacticsDiagnostics');}
        |                                     ^
      6 | async function battle(p:Page){await boot(p);for(const id of ['new','stage-0','party','deploy','talk-0','talk-0'])await choose(p,id);}
      7 | async function mock(p:Page){await p.addInitScript(`window.padButtons=[];window.padConnected=true;Object.defineProperty(navigator,'getGamepads',{value:()=>window.padConnected?[{connected:true,index:0,mapping:'standard',axes:[0,0,0,0],buttons:Array.from({length:16},(_,i)=>({pressed:window.padButtons.includes(i),value:window.padButtons.includes(i)?1:0}))}]:[]});`);}
      8 | async function pad(p:Page,buttons:number[]){await p.evaluate(v=>{(window as any).padButtons=v},buttons);await p.waitForTimeout(65);await p.evaluate(()=>{(window as any).padButtons=[]});await p.waitForTimeout(65);}
        at boot (/home/deck/Documents/TacticsSD/tests/game/tests/browser/regression.spec.ts:5:37)
        at /home/deck/Documents/TacticsSD/tests/game/tests/browser/regression.spec.ts:10:125

    Error Context: test-results/tests-game-tests-browser-r-3ce8f--capture-without-a-keyboard/error-context.md

    attachment #2: trace (application/zip) ─────────────────────────────────────────────────────────
    test-results/tests-game-tests-browser-r-3ce8f--capture-without-a-keyboard/trace.zip
    Usage:

        npx playwright show-trace test-results/tests-game-tests-browser-r-3ce8f--capture-without-a-keyboard/trace.zip

    ────────────────────────────────────────────────────────────────────────────────────────────────

  9) tests/game/tests/browser/regression.spec.ts:11:1 › F03 reserved Tab is not saved; a remapped Space performs only its action 

    Error: page.goto: net::ERR_CONNECTION_REFUSED at http://127.0.0.1:4173/game/
    Call log:
      - navigating to "http://127.0.0.1:4173/game/", waiting until "load"


      3 | const diag=(p:Page):Promise<any>=>p.evaluate('window.tacticsDiagnostics()');
      4 | async function choose(p:Page,id:string){for(let i=0;i<100;i++){if(await p.evaluate(()=> (document.activeElement as HTMLElement)?.dataset.id)===id){await p.keyboard.press('Enter');return;}await p.keyboard.press('ArrowDown');}throw Error('Unreachable '+id);}
    > 5 | async function boot(p:Page){await p.goto('/game/');await p.waitForFunction('window.tacticsDiagnostics');}
        |                                     ^
      6 | async function battle(p:Page){await boot(p);for(const id of ['new','stage-0','party','deploy','talk-0','talk-0'])await choose(p,id);}
      7 | async function mock(p:Page){await p.addInitScript(`window.padButtons=[];window.padConnected=true;Object.defineProperty(navigator,'getGamepads',{value:()=>window.padConnected?[{connected:true,index:0,mapping:'standard',axes:[0,0,0,0],buttons:Array.from({length:16},(_,i)=>({pressed:window.padButtons.includes(i),value:window.padButtons.includes(i)?1:0}))}]:[]});`);}
      8 | async function pad(p:Page,buttons:number[]){await p.evaluate(v=>{(window as any).padButtons=v},buttons);await p.waitForTimeout(65);await p.evaluate(()=>{(window as any).padButtons=[]});await p.waitForTimeout(65);}
        at boot (/home/deck/Documents/TacticsSD/tests/game/tests/browser/regression.spec.ts:5:37)
        at battle (/home/deck/Documents/TacticsSD/tests/game/tests/browser/regression.spec.ts:6:37)
        at /home/deck/Documents/TacticsSD/tests/game/tests/browser/regression.spec.ts:11:103

    Error Context: test-results/tests-game-tests-browser-r-996bd-ce-performs-only-its-action/error-context.md

    attachment #2: trace (application/zip) ─────────────────────────────────────────────────────────
    test-results/tests-game-tests-browser-r-996bd-ce-performs-only-its-action/trace.zip
    Usage:

        npx playwright show-trace test-results/tests-game-tests-browser-r-996bd-ce-performs-only-its-action/trace.zip

    ────────────────────────────────────────────────────────────────────────────────────────────────

  10) tests/game/tests/browser/regression.spec.ts:12:1 › F04 held input cannot dismiss pause on refocus or controller disconnect 

    Error: page.goto: net::ERR_CONNECTION_REFUSED at http://127.0.0.1:4173/game/
    Call log:
      - navigating to "http://127.0.0.1:4173/game/", waiting until "load"


      3 | const diag=(p:Page):Promise<any>=>p.evaluate('window.tacticsDiagnostics()');
      4 | async function choose(p:Page,id:string){for(let i=0;i<100;i++){if(await p.evaluate(()=> (document.activeElement as HTMLElement)?.dataset.id)===id){await p.keyboard.press('Enter');return;}await p.keyboard.press('ArrowDown');}throw Error('Unreachable '+id);}
    > 5 | async function boot(p:Page){await p.goto('/game/');await p.waitForFunction('window.tacticsDiagnostics');}
        |                                     ^
      6 | async function battle(p:Page){await boot(p);for(const id of ['new','stage-0','party','deploy','talk-0','talk-0'])await choose(p,id);}
      7 | async function mock(p:Page){await p.addInitScript(`window.padButtons=[];window.padConnected=true;Object.defineProperty(navigator,'getGamepads',{value:()=>window.padConnected?[{connected:true,index:0,mapping:'standard',axes:[0,0,0,0],buttons:Array.from({length:16},(_,i)=>({pressed:window.padButtons.includes(i),value:window.padButtons.includes(i)?1:0}))}]:[]});`);}
      8 | async function pad(p:Page,buttons:number[]){await p.evaluate(v=>{(window as any).padButtons=v},buttons);await p.waitForTimeout(65);await p.evaluate(()=>{(window as any).padButtons=[]});await p.waitForTimeout(65);}
        at boot (/home/deck/Documents/TacticsSD/tests/game/tests/browser/regression.spec.ts:5:37)
        at battle (/home/deck/Documents/TacticsSD/tests/game/tests/browser/regression.spec.ts:6:37)
        at /home/deck/Documents/TacticsSD/tests/game/tests/browser/regression.spec.ts:12:119

    Error Context: test-results/tests-game-tests-browser-r-419f3-us-or-controller-disconnect/error-context.md

    attachment #2: trace (application/zip) ─────────────────────────────────────────────────────────
    test-results/tests-game-tests-browser-r-419f3-us-or-controller-disconnect/trace.zip
    Usage:

        npx playwright show-trace test-results/tests-game-tests-browser-r-419f3-us-or-controller-disconnect/trace.zip

    ────────────────────────────────────────────────────────────────────────────────────────────────

  11) tests/game/tests/browser/regression.spec.ts:13:1 › F05 canceling end-turn grants no free guard 

    Error: page.goto: net::ERR_CONNECTION_REFUSED at http://127.0.0.1:4173/game/
    Call log:
      - navigating to "http://127.0.0.1:4173/game/", waiting until "load"


      3 | const diag=(p:Page):Promise<any>=>p.evaluate('window.tacticsDiagnostics()');
      4 | async function choose(p:Page,id:string){for(let i=0;i<100;i++){if(await p.evaluate(()=> (document.activeElement as HTMLElement)?.dataset.id)===id){await p.keyboard.press('Enter');return;}await p.keyboard.press('ArrowDown');}throw Error('Unreachable '+id);}
    > 5 | async function boot(p:Page){await p.goto('/game/');await p.waitForFunction('window.tacticsDiagnostics');}
        |                                     ^
      6 | async function battle(p:Page){await boot(p);for(const id of ['new','stage-0','party','deploy','talk-0','talk-0'])await choose(p,id);}
      7 | async function mock(p:Page){await p.addInitScript(`window.padButtons=[];window.padConnected=true;Object.defineProperty(navigator,'getGamepads',{value:()=>window.padConnected?[{connected:true,index:0,mapping:'standard',axes:[0,0,0,0],buttons:Array.from({length:16},(_,i)=>({pressed:window.padButtons.includes(i),value:window.padButtons.includes(i)?1:0}))}]:[]});`);}
      8 | async function pad(p:Page,buttons:number[]){await p.evaluate(v=>{(window as any).padButtons=v},buttons);await p.waitForTimeout(65);await p.evaluate(()=>{(window as any).padButtons=[]});await p.waitForTimeout(65);}
        at boot (/home/deck/Documents/TacticsSD/tests/game/tests/browser/regression.spec.ts:5:37)
        at battle (/home/deck/Documents/TacticsSD/tests/game/tests/browser/regression.spec.ts:6:37)
        at /home/deck/Documents/TacticsSD/tests/game/tests/browser/regression.spec.ts:13:74

    Error Context: test-results/tests-game-tests-browser-r-3c519-d-turn-grants-no-free-guard/error-context.md

    attachment #2: trace (application/zip) ─────────────────────────────────────────────────────────
    test-results/tests-game-tests-browser-r-3c519-d-turn-grants-no-free-guard/trace.zip
    Usage:

        npx playwright show-trace test-results/tests-game-tests-browser-r-3c519-d-turn-grants-no-free-guard/trace.zip

    ────────────────────────────────────────────────────────────────────────────────────────────────

  12) tests/game/tests/browser/regression.spec.ts:14:1 › F08 editor replacement references are rendered rather than silently discarded 

    Error: page.goto: net::ERR_CONNECTION_REFUSED at http://127.0.0.1:4173/game/
    Call log:
      - navigating to "http://127.0.0.1:4173/game/", waiting until "load"


      3 | const diag=(p:Page):Promise<any>=>p.evaluate('window.tacticsDiagnostics()');
      4 | async function choose(p:Page,id:string){for(let i=0;i<100;i++){if(await p.evaluate(()=> (document.activeElement as HTMLElement)?.dataset.id)===id){await p.keyboard.press('Enter');return;}await p.keyboard.press('ArrowDown');}throw Error('Unreachable '+id);}
    > 5 | async function boot(p:Page){await p.goto('/game/');await p.waitForFunction('window.tacticsDiagnostics');}
        |                                     ^
      6 | async function battle(p:Page){await boot(p);for(const id of ['new','stage-0','party','deploy','talk-0','talk-0'])await choose(p,id);}
      7 | async function mock(p:Page){await p.addInitScript(`window.padButtons=[];window.padConnected=true;Object.defineProperty(navigator,'getGamepads',{value:()=>window.padConnected?[{connected:true,index:0,mapping:'standard',axes:[0,0,0,0],buttons:Array.from({length:16},(_,i)=>({pressed:window.padButtons.includes(i),value:window.padButtons.includes(i)?1:0}))}]:[]});`);}
      8 | async function pad(p:Page,buttons:number[]){await p.evaluate(v=>{(window as any).padButtons=v},buttons);await p.waitForTimeout(65);await p.evaluate(()=>{(window as any).padButtons=[]});await p.waitForTimeout(65);}
        at boot (/home/deck/Documents/TacticsSD/tests/game/tests/browser/regression.spec.ts:5:37)
        at /home/deck/Documents/TacticsSD/tests/game/tests/browser/regression.spec.ts:14:108

    Error Context: test-results/tests-game-tests-browser-r-53146-her-than-silently-discarded/error-context.md

    attachment #2: trace (application/zip) ─────────────────────────────────────────────────────────
    test-results/tests-game-tests-browser-r-53146-her-than-silently-discarded/trace.zip
    Usage:

        npx playwright show-trace test-results/tests-game-tests-browser-r-53146-her-than-silently-discarded/trace.zip

    ────────────────────────────────────────────────────────────────────────────────────────────────

  13) tests/game/tests/browser/regression.spec.ts:15:1 › F09 unit labels are drawn after all opaque terrain and sprites in both projections 

    Error: page.goto: net::ERR_CONNECTION_REFUSED at http://127.0.0.1:4173/game/
    Call log:
      - navigating to "http://127.0.0.1:4173/game/", waiting until "load"


      3 | const diag=(p:Page):Promise<any>=>p.evaluate('window.tacticsDiagnostics()');
      4 | async function choose(p:Page,id:string){for(let i=0;i<100;i++){if(await p.evaluate(()=> (document.activeElement as HTMLElement)?.dataset.id)===id){await p.keyboard.press('Enter');return;}await p.keyboard.press('ArrowDown');}throw Error('Unreachable '+id);}
    > 5 | async function boot(p:Page){await p.goto('/game/');await p.waitForFunction('window.tacticsDiagnostics');}
        |                                     ^
      6 | async function battle(p:Page){await boot(p);for(const id of ['new','stage-0','party','deploy','talk-0','talk-0'])await choose(p,id);}
      7 | async function mock(p:Page){await p.addInitScript(`window.padButtons=[];window.padConnected=true;Object.defineProperty(navigator,'getGamepads',{value:()=>window.padConnected?[{connected:true,index:0,mapping:'standard',axes:[0,0,0,0],buttons:Array.from({length:16},(_,i)=>({pressed:window.padButtons.includes(i),value:window.padButtons.includes(i)?1:0}))}]:[]});`);}
      8 | async function pad(p:Page,buttons:number[]){await p.evaluate(v=>{(window as any).padButtons=v},buttons);await p.waitForTimeout(65);await p.evaluate(()=>{(window as any).padButtons=[]});await p.waitForTimeout(65);}
        at boot (/home/deck/Documents/TacticsSD/tests/game/tests/browser/regression.spec.ts:5:37)
        at /home/deck/Documents/TacticsSD/tests/game/tests/browser/regression.spec.ts:15:113

    Error Context: test-results/tests-game-tests-browser-r-87f12-sprites-in-both-projections/error-context.md

    attachment #2: trace (application/zip) ─────────────────────────────────────────────────────────
    test-results/tests-game-tests-browser-r-87f12-sprites-in-both-projections/trace.zip
    Usage:

        npx playwright show-trace test-results/tests-game-tests-browser-r-87f12-sprites-in-both-projections/trace.zip

    ────────────────────────────────────────────────────────────────────────────────────────────────

  14) tests/game/tests/browser/regression.spec.ts:17:1 › Tab focus on settings during facing opens settings without ending the AT 

    Error: page.goto: net::ERR_CONNECTION_REFUSED at http://127.0.0.1:4173/game/
    Call log:
      - navigating to "http://127.0.0.1:4173/game/", waiting until "load"


      3 | const diag=(p:Page):Promise<any>=>p.evaluate('window.tacticsDiagnostics()');
      4 | async function choose(p:Page,id:string){for(let i=0;i<100;i++){if(await p.evaluate(()=> (document.activeElement as HTMLElement)?.dataset.id)===id){await p.keyboard.press('Enter');return;}await p.keyboard.press('ArrowDown');}throw Error('Unreachable '+id);}
    > 5 | async function boot(p:Page){await p.goto('/game/');await p.waitForFunction('window.tacticsDiagnostics');}
        |                                     ^
      6 | async function battle(p:Page){await boot(p);for(const id of ['new','stage-0','party','deploy','talk-0','talk-0'])await choose(p,id);}
      7 | async function mock(p:Page){await p.addInitScript(`window.padButtons=[];window.padConnected=true;Object.defineProperty(navigator,'getGamepads',{value:()=>window.padConnected?[{connected:true,index:0,mapping:'standard',axes:[0,0,0,0],buttons:Array.from({length:16},(_,i)=>({pressed:window.padButtons.includes(i),value:window.padButtons.includes(i)?1:0}))}]:[]});`);}
      8 | async function pad(p:Page,buttons:number[]){await p.evaluate(v=>{(window as any).padButtons=v},buttons);await p.waitForTimeout(65);await p.evaluate(()=>{(window as any).padButtons=[]});await p.waitForTimeout(65);}
        at boot (/home/deck/Documents/TacticsSD/tests/game/tests/browser/regression.spec.ts:5:37)
        at battle (/home/deck/Documents/TacticsSD/tests/game/tests/browser/regression.spec.ts:6:37)
        at /home/deck/Documents/TacticsSD/tests/game/tests/browser/regression.spec.ts:17:103

    Error Context: test-results/tests-game-tests-browser-r-106ac-tings-without-ending-the-AT/error-context.md

    attachment #2: trace (application/zip) ─────────────────────────────────────────────────────────
    test-results/tests-game-tests-browser-r-106ac-tings-without-ending-the-AT/trace.zip
    Usage:

        npx playwright show-trace test-results/tests-game-tests-browser-r-106ac-tings-without-ending-the-AT/trace.zip

    ────────────────────────────────────────────────────────────────────────────────────────────────

  15) tools/characterRig/tests/browser/directions.spec.ts:9:1 › upright defaults, mirrored joints, targeted reset and saved custom directions 

    Error: page.goto: net::ERR_CONNECTION_REFUSED at http://127.0.0.1:4173/tools/characterRig/
    Call log:
      - navigating to "http://127.0.0.1:4173/tools/characterRig/", waiting until "load"


       8 |
       9 | test('upright defaults, mirrored joints, targeted reset and saved custom directions', async ({ page }) => {
    > 10 |   await page.goto('/tools/characterRig/');
         |              ^
      11 |   await expect(page.locator('#notice')).toContainText('파츠 시트 기본 리그');
      12 |   await expect(page.locator('#app')).toHaveAttribute('aria-busy', 'false');
      13 |   const original = await diag(page);
        at /home/deck/Documents/TacticsSD/tools/characterRig/tests/browser/directions.spec.ts:10:14

    Error Context: test-results/tools-characterRig-tests-b-71097-and-saved-custom-directions/error-context.md

    attachment #2: trace (application/zip) ─────────────────────────────────────────────────────────
    test-results/tools-characterRig-tests-b-71097-and-saved-custom-directions/trace.zip
    Usage:

        npx playwright show-trace test-results/tools-characterRig-tests-b-71097-and-saved-custom-directions/trace.zip

    ────────────────────────────────────────────────────────────────────────────────────────────────

  16) tools/characterRig/tests/browser/editor.spec.ts:13:1 › generated elf: edit both views, drag and resize in original pixels, keyboard, zoom and playback 

    Error: page.goto: net::ERR_CONNECTION_REFUSED at http://127.0.0.1:4173/tools/characterRig/
    Call log:
      - navigating to "http://127.0.0.1:4173/tools/characterRig/", waiting until "load"


       9 | const details = async(page: Page, section: string) => { const node=page.locator(`details[data-section="${section}"]`); if(!(await node.getAttribute('open')!==null))await node.locator('summary').click(); };
      10 | const field = (page: Page, path: string) => page.locator(`input[data-path="${path}"]`);
    > 11 | const ready = async(page: Page) => {await page.goto('/tools/characterRig/');await expect.poll(async()=>(await diag(page)).assets).toBe(1);await expect(page.locator('#app')).toHaveAttribute('aria-busy','false');};
         |                                                ^
      12 |
      13 | test('generated elf: edit both views, drag and resize in original pixels, keyboard, zoom and playback',async({page})=>{
      14 |   const errors: string[]=[];page.on('pageerror',e=>errors.push(e.message));await ready(page);
        at ready (/home/deck/Documents/TacticsSD/tools/characterRig/tests/browser/editor.spec.ts:11:48)
        at /home/deck/Documents/TacticsSD/tools/characterRig/tests/browser/editor.spec.ts:14:82

    Error Context: test-results/tools-characterRig-tests-b-dc6b0--keyboard-zoom-and-playback/error-context.md

    attachment #2: trace (application/zip) ─────────────────────────────────────────────────────────
    test-results/tools-characterRig-tests-b-dc6b0--keyboard-zoom-and-playback/trace.zip
    Usage:

        npx playwright show-trace test-results/tools-characterRig-tests-b-dc6b0--keyboard-zoom-and-playback/trace.zip

    ────────────────────────────────────────────────────────────────────────────────────────────────

  17) tools/characterRig/tests/browser/editor.spec.ts:55:1 › direction presets, visibility, solo, base transforms and immediate paused rendering 

    Error: page.goto: net::ERR_CONNECTION_REFUSED at http://127.0.0.1:4173/tools/characterRig/
    Call log:
      - navigating to "http://127.0.0.1:4173/tools/characterRig/", waiting until "load"


       9 | const details = async(page: Page, section: string) => { const node=page.locator(`details[data-section="${section}"]`); if(!(await node.getAttribute('open')!==null))await node.locator('summary').click(); };
      10 | const field = (page: Page, path: string) => page.locator(`input[data-path="${path}"]`);
    > 11 | const ready = async(page: Page) => {await page.goto('/tools/characterRig/');await expect.poll(async()=>(await diag(page)).assets).toBe(1);await expect(page.locator('#app')).toHaveAttribute('aria-busy','false');};
         |                                                ^
      12 |
      13 | test('generated elf: edit both views, drag and resize in original pixels, keyboard, zoom and playback',async({page})=>{
      14 |   const errors: string[]=[];page.on('pageerror',e=>errors.push(e.message));await ready(page);
        at ready (/home/deck/Documents/TacticsSD/tools/characterRig/tests/browser/editor.spec.ts:11:48)
        at /home/deck/Documents/TacticsSD/tools/characterRig/tests/browser/editor.spec.ts:56:9

    Error Context: test-results/tools-characterRig-tests-b-8e56a--immediate-paused-rendering/error-context.md

    attachment #2: trace (application/zip) ─────────────────────────────────────────────────────────
    test-results/tools-characterRig-tests-b-8e56a--immediate-paused-rendering/trace.zip
    Usage:

        npx playwright show-trace test-results/tools-characterRig-tests-b-8e56a--immediate-paused-rendering/trace.zip

    ────────────────────────────────────────────────────────────────────────────────────────────────

  18) tools/characterRig/tests/browser/editor.spec.ts:71:1 › save actual download, new session import, missing-image and replacement reconnect 

    Error: page.goto: net::ERR_CONNECTION_REFUSED at http://127.0.0.1:4173/tools/characterRig/
    Call log:
      - navigating to "http://127.0.0.1:4173/tools/characterRig/", waiting until "load"


       9 | const details = async(page: Page, section: string) => { const node=page.locator(`details[data-section="${section}"]`); if(!(await node.getAttribute('open')!==null))await node.locator('summary').click(); };
      10 | const field = (page: Page, path: string) => page.locator(`input[data-path="${path}"]`);
    > 11 | const ready = async(page: Page) => {await page.goto('/tools/characterRig/');await expect.poll(async()=>(await diag(page)).assets).toBe(1);await expect(page.locator('#app')).toHaveAttribute('aria-busy','false');};
         |                                                ^
      12 |
      13 | test('generated elf: edit both views, drag and resize in original pixels, keyboard, zoom and playback',async({page})=>{
      14 |   const errors: string[]=[];page.on('pageerror',e=>errors.push(e.message));await ready(page);
        at ready (/home/deck/Documents/TacticsSD/tools/characterRig/tests/browser/editor.spec.ts:11:48)
        at /home/deck/Documents/TacticsSD/tools/characterRig/tests/browser/editor.spec.ts:72:9

    Error Context: test-results/tools-characterRig-tests-b-3c234-e-and-replacement-reconnect/error-context.md

    attachment #2: trace (application/zip) ─────────────────────────────────────────────────────────
    test-results/tools-characterRig-tests-b-3c234-e-and-replacement-reconnect/trace.zip
    Usage:

        npx playwright show-trace test-results/tools-characterRig-tests-b-3c234-e-and-replacement-reconnect/trace.zip

    ────────────────────────────────────────────────────────────────────────────────────────────────

  19) tools/characterRig/tests/browser/editor.spec.ts:87:1 › invalid JSON, bounds, bad files and mismatched relink retain the usable project 

    Error: page.goto: net::ERR_CONNECTION_REFUSED at http://127.0.0.1:4173/tools/characterRig/
    Call log:
      - navigating to "http://127.0.0.1:4173/tools/characterRig/", waiting until "load"


       9 | const details = async(page: Page, section: string) => { const node=page.locator(`details[data-section="${section}"]`); if(!(await node.getAttribute('open')!==null))await node.locator('summary').click(); };
      10 | const field = (page: Page, path: string) => page.locator(`input[data-path="${path}"]`);
    > 11 | const ready = async(page: Page) => {await page.goto('/tools/characterRig/');await expect.poll(async()=>(await diag(page)).assets).toBe(1);await expect(page.locator('#app')).toHaveAttribute('aria-busy','false');};
         |                                                ^
      12 |
      13 | test('generated elf: edit both views, drag and resize in original pixels, keyboard, zoom and playback',async({page})=>{
      14 |   const errors: string[]=[];page.on('pageerror',e=>errors.push(e.message));await ready(page);
        at ready (/home/deck/Documents/TacticsSD/tools/characterRig/tests/browser/editor.spec.ts:11:48)
        at /home/deck/Documents/TacticsSD/tools/characterRig/tests/browser/editor.spec.ts:88:9

    Error Context: test-results/tools-characterRig-tests-b-79cc6-k-retain-the-usable-project/error-context.md

    attachment #2: trace (application/zip) ─────────────────────────────────────────────────────────
    test-results/tools-characterRig-tests-b-79cc6-k-retain-the-usable-project/trace.zip
    Usage:

        npx playwright show-trace test-results/tools-characterRig-tests-b-79cc6-k-retain-the-usable-project/trace.zip

    ────────────────────────────────────────────────────────────────────────────────────────────────

  20) tools/characterRig/tests/browser/editor.spec.ts:98:1 › image replacement and editor re-entry do not accumulate listeners, sprites or assets 

    Error: page.goto: net::ERR_CONNECTION_REFUSED at http://127.0.0.1:4173/tools/characterRig/
    Call log:
      - navigating to "http://127.0.0.1:4173/tools/characterRig/", waiting until "load"


       9 | const details = async(page: Page, section: string) => { const node=page.locator(`details[data-section="${section}"]`); if(!(await node.getAttribute('open')!==null))await node.locator('summary').click(); };
      10 | const field = (page: Page, path: string) => page.locator(`input[data-path="${path}"]`);
    > 11 | const ready = async(page: Page) => {await page.goto('/tools/characterRig/');await expect.poll(async()=>(await diag(page)).assets).toBe(1);await expect(page.locator('#app')).toHaveAttribute('aria-busy','false');};
         |                                                ^
      12 |
      13 | test('generated elf: edit both views, drag and resize in original pixels, keyboard, zoom and playback',async({page})=>{
      14 |   const errors: string[]=[];page.on('pageerror',e=>errors.push(e.message));await ready(page);
        at ready (/home/deck/Documents/TacticsSD/tools/characterRig/tests/browser/editor.spec.ts:11:48)
        at /home/deck/Documents/TacticsSD/tools/characterRig/tests/browser/editor.spec.ts:99:81

    Error Context: test-results/tools-characterRig-tests-b-6c4b5-listeners-sprites-or-assets/error-context.md

    attachment #2: trace (application/zip) ─────────────────────────────────────────────────────────
    test-results/tools-characterRig-tests-b-6c4b5-listeners-sprites-or-assets/trace.zip
    Usage:

        npx playwright show-trace test-results/tools-characterRig-tests-b-6c4b5-listeners-sprites-or-assets/trace.zip

    ────────────────────────────────────────────────────────────────────────────────────────────────

  21) tools/characterRig/tests/browser/editor.spec.ts:116:1 › DPR and narrow layout preserve source coordinates and provide keyboard-accessible uploads 

    Error: page.goto: net::ERR_CONNECTION_REFUSED at http://127.0.0.1:4173/tools/characterRig/
    Call log:
      - navigating to "http://127.0.0.1:4173/tools/characterRig/", waiting until "load"


       9 | const details = async(page: Page, section: string) => { const node=page.locator(`details[data-section="${section}"]`); if(!(await node.getAttribute('open')!==null))await node.locator('summary').click(); };
      10 | const field = (page: Page, path: string) => page.locator(`input[data-path="${path}"]`);
    > 11 | const ready = async(page: Page) => {await page.goto('/tools/characterRig/');await expect.poll(async()=>(await diag(page)).assets).toBe(1);await expect(page.locator('#app')).toHaveAttribute('aria-busy','false');};
         |                                                ^
      12 |
      13 | test('generated elf: edit both views, drag and resize in original pixels, keyboard, zoom and playback',async({page})=>{
      14 |   const errors: string[]=[];page.on('pageerror',e=>errors.push(e.message));await ready(page);
        at ready (/home/deck/Documents/TacticsSD/tools/characterRig/tests/browser/editor.spec.ts:11:48)
        at /home/deck/Documents/TacticsSD/tools/characterRig/tests/browser/editor.spec.ts:117:138

    Error Context: test-results/tools-characterRig-tests-b-3f91f-keyboard-accessible-uploads/error-context.md

    attachment #2: trace (application/zip) ─────────────────────────────────────────────────────────
    test-results/tools-characterRig-tests-b-3f91f-keyboard-accessible-uploads/trace.zip
    Usage:

        npx playwright show-trace test-results/tools-characterRig-tests-b-3f91f-keyboard-accessible-uploads/trace.zip

    ────────────────────────────────────────────────────────────────────────────────────────────────

  22) tools/characterRig/tests/browser/editor.spec.ts:126:1 › all six parts can be drawn and numerically adjusted on Front and Back; cancel releases drag 

    Error: page.goto: net::ERR_CONNECTION_REFUSED at http://127.0.0.1:4173/tools/characterRig/
    Call log:
      - navigating to "http://127.0.0.1:4173/tools/characterRig/", waiting until "load"


       9 | const details = async(page: Page, section: string) => { const node=page.locator(`details[data-section="${section}"]`); if(!(await node.getAttribute('open')!==null))await node.locator('summary').click(); };
      10 | const field = (page: Page, path: string) => page.locator(`input[data-path="${path}"]`);
    > 11 | const ready = async(page: Page) => {await page.goto('/tools/characterRig/');await expect.poll(async()=>(await diag(page)).assets).toBe(1);await expect(page.locator('#app')).toHaveAttribute('aria-busy','false');};
         |                                                ^
      12 |
      13 | test('generated elf: edit both views, drag and resize in original pixels, keyboard, zoom and playback',async({page})=>{
      14 |   const errors: string[]=[];page.on('pageerror',e=>errors.push(e.message));await ready(page);
        at ready (/home/deck/Documents/TacticsSD/tools/characterRig/tests/browser/editor.spec.ts:11:48)
        at /home/deck/Documents/TacticsSD/tools/characterRig/tests/browser/editor.spec.ts:127:9

    Error Context: test-results/tools-characterRig-tests-b-3b33b-d-Back-cancel-releases-drag/error-context.md

    attachment #2: trace (application/zip) ─────────────────────────────────────────────────────────
    test-results/tools-characterRig-tests-b-3b33b-d-Back-cancel-releases-drag/trace.zip
    Usage:

        npx playwright show-trace test-results/tools-characterRig-tests-b-3b33b-d-Back-cancel-releases-drag/trace.zip

    ────────────────────────────────────────────────────────────────────────────────────────────────

  23) tools/characterRig/tests/browser/editor.spec.ts:146:1 › different-size and padded Front/Back align their displayed reference height and ground 

    Error: page.goto: net::ERR_CONNECTION_REFUSED at http://127.0.0.1:4173/tools/characterRig/
    Call log:
      - navigating to "http://127.0.0.1:4173/tools/characterRig/", waiting until "load"


       9 | const details = async(page: Page, section: string) => { const node=page.locator(`details[data-section="${section}"]`); if(!(await node.getAttribute('open')!==null))await node.locator('summary').click(); };
      10 | const field = (page: Page, path: string) => page.locator(`input[data-path="${path}"]`);
    > 11 | const ready = async(page: Page) => {await page.goto('/tools/characterRig/');await expect.poll(async()=>(await diag(page)).assets).toBe(1);await expect(page.locator('#app')).toHaveAttribute('aria-busy','false');};
         |                                                ^
      12 |
      13 | test('generated elf: edit both views, drag and resize in original pixels, keyboard, zoom and playback',async({page})=>{
      14 |   const errors: string[]=[];page.on('pageerror',e=>errors.push(e.message));await ready(page);
        at ready (/home/deck/Documents/TacticsSD/tools/characterRig/tests/browser/editor.spec.ts:11:48)
        at /home/deck/Documents/TacticsSD/tools/characterRig/tests/browser/editor.spec.ts:147:9

    Error Context: test-results/tools-characterRig-tests-b-a8357-reference-height-and-ground/error-context.md

    attachment #2: trace (application/zip) ─────────────────────────────────────────────────────────
    test-results/tools-characterRig-tests-b-a8357-reference-height-and-ground/trace.zip
    Usage:

        npx playwright show-trace test-results/tools-characterRig-tests-b-a8357-reference-height-and-ground/trace.zip

    ────────────────────────────────────────────────────────────────────────────────────────────────

  24) tools/characterRig/tests/browser/editor.spec.ts:163:1 › default atlas has transparent gaps, opaque costume, aligned soles and stable walk/reset 

    Error: page.goto: net::ERR_CONNECTION_REFUSED at http://127.0.0.1:4173/tools/characterRig/
    Call log:
      - navigating to "http://127.0.0.1:4173/tools/characterRig/", waiting until "load"


       9 | const details = async(page: Page, section: string) => { const node=page.locator(`details[data-section="${section}"]`); if(!(await node.getAttribute('open')!==null))await node.locator('summary').click(); };
      10 | const field = (page: Page, path: string) => page.locator(`input[data-path="${path}"]`);
    > 11 | const ready = async(page: Page) => {await page.goto('/tools/characterRig/');await expect.poll(async()=>(await diag(page)).assets).toBe(1);await expect(page.locator('#app')).toHaveAttribute('aria-busy','false');};
         |                                                ^
      12 |
      13 | test('generated elf: edit both views, drag and resize in original pixels, keyboard, zoom and playback',async({page})=>{
      14 |   const errors: string[]=[];page.on('pageerror',e=>errors.push(e.message));await ready(page);
        at ready (/home/deck/Documents/TacticsSD/tools/characterRig/tests/browser/editor.spec.ts:11:48)
        at /home/deck/Documents/TacticsSD/tools/characterRig/tests/browser/editor.spec.ts:164:9

    Error Context: test-results/tools-characterRig-tests-b-ad8dc-soles-and-stable-walk-reset/error-context.md

    attachment #2: trace (application/zip) ─────────────────────────────────────────────────────────
    test-results/tools-characterRig-tests-b-ad8dc-soles-and-stable-walk-reset/trace.zip
    Usage:

        npx playwright show-trace test-results/tools-characterRig-tests-b-ad8dc-soles-and-stable-walk-reset/trace.zip

    ────────────────────────────────────────────────────────────────────────────────────────────────

  25) tools/characterRig/tests/browser/editor.spec.ts:184:1 › original JPG can be loaded with an explicit nontransparent-background notice 

    Error: page.goto: net::ERR_CONNECTION_REFUSED at http://127.0.0.1:4173/tools/characterRig/
    Call log:
      - navigating to "http://127.0.0.1:4173/tools/characterRig/", waiting until "load"


       9 | const details = async(page: Page, section: string) => { const node=page.locator(`details[data-section="${section}"]`); if(!(await node.getAttribute('open')!==null))await node.locator('summary').click(); };
      10 | const field = (page: Page, path: string) => page.locator(`input[data-path="${path}"]`);
    > 11 | const ready = async(page: Page) => {await page.goto('/tools/characterRig/');await expect.poll(async()=>(await diag(page)).assets).toBe(1);await expect(page.locator('#app')).toHaveAttribute('aria-busy','false');};
         |                                                ^
      12 |
      13 | test('generated elf: edit both views, drag and resize in original pixels, keyboard, zoom and playback',async({page})=>{
      14 |   const errors: string[]=[];page.on('pageerror',e=>errors.push(e.message));await ready(page);
        at ready (/home/deck/Documents/TacticsSD/tools/characterRig/tests/browser/editor.spec.ts:11:48)
        at /home/deck/Documents/TacticsSD/tools/characterRig/tests/browser/editor.spec.ts:185:9

    Error Context: test-results/tools-characterRig-tests-b-51420-ansparent-background-notice/error-context.md

    attachment #2: trace (application/zip) ─────────────────────────────────────────────────────────
    test-results/tools-characterRig-tests-b-51420-ansparent-background-notice/trace.zip
    Usage:

        npx playwright show-trace test-results/tools-characterRig-tests-b-51420-ansparent-background-notice/trace.zip

    ────────────────────────────────────────────────────────────────────────────────────────────────

  26) tools/characterRig/tests/browser/hierarchy.spec.ts:9:1 › body editing moves every joint in both views and all isometric directions without mutating child settings 

    Error: page.goto: net::ERR_CONNECTION_REFUSED at http://127.0.0.1:4173/tools/characterRig/
    Call log:
      - navigating to "http://127.0.0.1:4173/tools/characterRig/", waiting until "load"


       5 | const field=(page:Page,path:string)=>page.locator(`input[data-path="${path}"]`);
       6 | const open=async(page:Page,id:string)=>{const details=page.locator(`details[data-section="${id}"]`);if(await details.getAttribute('open')===null)await details.locator('summary').click();};
    >  7 | const ready=async(page:Page)=>{await page.goto('/tools/characterRig/');await expect(page.locator('#notice')).toContainText('파츠 시트 기본 리그');await expect(page.locator('#app')).toHaveAttribute('aria-busy','false');};
         |                                           ^
       8 |
       9 | test('body editing moves every joint in both views and all isometric directions without mutating child settings',async({page})=>{
      10 |   await ready(page);
        at ready (/home/deck/Documents/TacticsSD/tools/characterRig/tests/browser/hierarchy.spec.ts:7:43)
        at /home/deck/Documents/TacticsSD/tools/characterRig/tests/browser/hierarchy.spec.ts:10:9

    Error Context: test-results/tools-characterRig-tests-b-efab9-out-mutating-child-settings/error-context.md

    attachment #2: trace (application/zip) ─────────────────────────────────────────────────────────
    test-results/tools-characterRig-tests-b-efab9-out-mutating-child-settings/trace.zip
    Usage:

        npx playwright show-trace test-results/tools-characterRig-tests-b-efab9-out-mutating-child-settings/trace.zip

    ────────────────────────────────────────────────────────────────────────────────────────────────

  27) tools/characterRig/tests/browser/hierarchy.spec.ts:30:1 › socket numeric and drag editing, crop independence and invalid socket recovery 

    Error: page.goto: net::ERR_CONNECTION_REFUSED at http://127.0.0.1:4173/tools/characterRig/
    Call log:
      - navigating to "http://127.0.0.1:4173/tools/characterRig/", waiting until "load"


       5 | const field=(page:Page,path:string)=>page.locator(`input[data-path="${path}"]`);
       6 | const open=async(page:Page,id:string)=>{const details=page.locator(`details[data-section="${id}"]`);if(await details.getAttribute('open')===null)await details.locator('summary').click();};
    >  7 | const ready=async(page:Page)=>{await page.goto('/tools/characterRig/');await expect(page.locator('#notice')).toContainText('파츠 시트 기본 리그');await expect(page.locator('#app')).toHaveAttribute('aria-busy','false');};
         |                                           ^
       8 |
       9 | test('body editing moves every joint in both views and all isometric directions without mutating child settings',async({page})=>{
      10 |   await ready(page);
        at ready (/home/deck/Documents/TacticsSD/tools/characterRig/tests/browser/hierarchy.spec.ts:7:43)
        at /home/deck/Documents/TacticsSD/tools/characterRig/tests/browser/hierarchy.spec.ts:31:9

    Error Context: test-results/tools-characterRig-tests-b-ec84a-and-invalid-socket-recovery/error-context.md

    attachment #2: trace (application/zip) ─────────────────────────────────────────────────────────
    test-results/tools-characterRig-tests-b-ec84a-and-invalid-socket-recovery/trace.zip
    Usage:

        npx playwright show-trace test-results/tools-characterRig-tests-b-ec84a-and-invalid-socket-recovery/trace.zip

    ────────────────────────────────────────────────────────────────────────────────────────────────

  28) tools/characterRig/tests/browser/hierarchy.spec.ts:44:1 › obsolete and future rig files are rejected without losing edits; current files still round-trip 

    Error: page.goto: net::ERR_CONNECTION_REFUSED at http://127.0.0.1:4173/tools/characterRig/
    Call log:
      - navigating to "http://127.0.0.1:4173/tools/characterRig/", waiting until "load"


       5 | const field=(page:Page,path:string)=>page.locator(`input[data-path="${path}"]`);
       6 | const open=async(page:Page,id:string)=>{const details=page.locator(`details[data-section="${id}"]`);if(await details.getAttribute('open')===null)await details.locator('summary').click();};
    >  7 | const ready=async(page:Page)=>{await page.goto('/tools/characterRig/');await expect(page.locator('#notice')).toContainText('파츠 시트 기본 리그');await expect(page.locator('#app')).toHaveAttribute('aria-busy','false');};
         |                                           ^
       8 |
       9 | test('body editing moves every joint in both views and all isometric directions without mutating child settings',async({page})=>{
      10 |   await ready(page);
        at ready (/home/deck/Documents/TacticsSD/tools/characterRig/tests/browser/hierarchy.spec.ts:7:43)
        at /home/deck/Documents/TacticsSD/tools/characterRig/tests/browser/hierarchy.spec.ts:45:9

    Error Context: test-results/tools-characterRig-tests-b-e522d-rent-files-still-round-trip/error-context.md

    attachment #2: trace (application/zip) ─────────────────────────────────────────────────────────
    test-results/tools-characterRig-tests-b-e522d-rent-files-still-round-trip/trace.zip
    Usage:

        npx playwright show-trace test-results/tools-characterRig-tests-b-e522d-rent-files-still-round-trip/trace.zip

    ────────────────────────────────────────────────────────────────────────────────────────────────

  29) tools/characterRig/tests/browser/pixels.spec.ts:3:1 › separable PNG reconstructs pixel-for-pixel in the real Pixi renderer, including pivot edits 

    Error: page.goto: net::ERR_CONNECTION_REFUSED at http://127.0.0.1:4173/tools/characterRig/
    Call log:
      - navigating to "http://127.0.0.1:4173/tools/characterRig/", waiting until "load"


      2 |
      3 | test('separable PNG reconstructs pixel-for-pixel in the real Pixi renderer, including pivot edits', async({page}) => {
    > 4 |   await page.goto('/tools/characterRig/');
        |              ^
      5 |   const result=await page.evaluate(async()=>{
      6 |     const path='/tools/characterRig/tests/fixtures/renderer-harness.ts';
      7 |     return (await import(/* @vite-ignore */ path)).verifyPixels();
        at /home/deck/Documents/TacticsSD/tools/characterRig/tests/browser/pixels.spec.ts:4:14

    Error Context: test-results/tools-characterRig-tests-b-2a8e8-derer-including-pivot-edits/error-context.md

    attachment #2: trace (application/zip) ─────────────────────────────────────────────────────────
    test-results/tools-characterRig-tests-b-2a8e8-derer-including-pivot-edits/trace.zip
    Usage:

        npx playwright show-trace test-results/tools-characterRig-tests-b-2a8e8-derer-including-pivot-edits/trace.zip

    ────────────────────────────────────────────────────────────────────────────────────────────────

  30) tools/characterRig/tests/browser/pixels.spec.ts:12:1 › hierarchy inherits rotation while global layer order, parent hiding and child solo remain independent 

    Error: page.goto: net::ERR_CONNECTION_REFUSED at http://127.0.0.1:4173/tools/characterRig/
    Call log:
      - navigating to "http://127.0.0.1:4173/tools/characterRig/", waiting until "load"


      11 |
      12 | test('hierarchy inherits rotation while global layer order, parent hiding and child solo remain independent',async({page})=>{
    > 13 |   await page.goto('/tools/characterRig/');
         |              ^
      14 |   const r=await page.evaluate(async()=>{
      15 |     const path='/tools/characterRig/tests/fixtures/renderer-harness.ts';return (await import(/* @vite-ignore */ path)).verifyHierarchyPixels();
      16 |   });
        at /home/deck/Documents/TacticsSD/tools/characterRig/tests/browser/pixels.spec.ts:13:14

    Error Context: test-results/tools-characterRig-tests-b-94fd8-ild-solo-remain-independent/error-context.md

    attachment #2: trace (application/zip) ─────────────────────────────────────────────────────────
    test-results/tools-characterRig-tests-b-94fd8-ild-solo-remain-independent/trace.zip
    Usage:

        npx playwright show-trace test-results/tools-characterRig-tests-b-94fd8-ild-solo-remain-independent/trace.zip

    ────────────────────────────────────────────────────────────────────────────────────────────────

  30 failed
    tests/game/tests/browser/game.spec.ts:134:1 › keyboard full campaign, equipment, save and real 1024x768 DPR2 screenshots 
    tests/game/tests/browser/game.spec.ts:187:1 › simulated standard gamepad completes battle and reconnect restores focus safely 
    tests/game/tests/browser/game.spec.ts:223:1 › mapping keyboard capture, cancel, saved restore and defaults; responsive resize 
    tests/game/tests/browser/game.spec.ts:255:1 › defeat and restart accessible with keyboard, corrupted saves recover 
    tests/game/tests/browser/game.spec.ts:270:1 › gamepad button remap persists, modal traps focus, moving view stays on same logical tile 
    tests/game/tests/browser/game.spec.ts:336:1 › generated rig opens in existing editor, animates four directions and saves v2 without altering original presets 
    tests/game/tests/browser/regression.spec.ts:9:1 › F01 keyboard focus on target cancel returns without attacking 
    tests/game/tests/browser/regression.spec.ts:10:1 › F02 controller can cancel both keyboard and button capture without a keyboard 
    tests/game/tests/browser/regression.spec.ts:11:1 › F03 reserved Tab is not saved; a remapped Space performs only its action 
    tests/game/tests/browser/regression.spec.ts:12:1 › F04 held input cannot dismiss pause on refocus or controller disconnect 
    tests/game/tests/browser/regression.spec.ts:13:1 › F05 canceling end-turn grants no free guard ─
    tests/game/tests/browser/regression.spec.ts:14:1 › F08 editor replacement references are rendered rather than silently discarded 
    tests/game/tests/browser/regression.spec.ts:15:1 › F09 unit labels are drawn after all opaque terrain and sprites in both projections 
    tests/game/tests/browser/regression.spec.ts:17:1 › Tab focus on settings during facing opens settings without ending the AT 
    tools/characterRig/tests/browser/directions.spec.ts:9:1 › upright defaults, mirrored joints, targeted reset and saved custom directions 
    tools/characterRig/tests/browser/editor.spec.ts:13:1 › generated elf: edit both views, drag and resize in original pixels, keyboard, zoom and playback 
    tools/characterRig/tests/browser/editor.spec.ts:55:1 › direction presets, visibility, solo, base transforms and immediate paused rendering 
    tools/characterRig/tests/browser/editor.spec.ts:71:1 › save actual download, new session import, missing-image and replacement reconnect 
    tools/characterRig/tests/browser/editor.spec.ts:87:1 › invalid JSON, bounds, bad files and mismatched relink retain the usable project 
    tools/characterRig/tests/browser/editor.spec.ts:98:1 › image replacement and editor re-entry do not accumulate listeners, sprites or assets 
    tools/characterRig/tests/browser/editor.spec.ts:116:1 › DPR and narrow layout preserve source coordinates and provide keyboard-accessible uploads 
    tools/characterRig/tests/browser/editor.spec.ts:126:1 › all six parts can be drawn and numerically adjusted on Front and Back; cancel releases drag 
    tools/characterRig/tests/browser/editor.spec.ts:146:1 › different-size and padded Front/Back align their displayed reference height and ground 
    tools/characterRig/tests/browser/editor.spec.ts:163:1 › default atlas has transparent gaps, opaque costume, aligned soles and stable walk/reset 
    tools/characterRig/tests/browser/editor.spec.ts:184:1 › original JPG can be loaded with an explicit nontransparent-background notice 
    tools/characterRig/tests/browser/hierarchy.spec.ts:9:1 › body editing moves every joint in both views and all isometric directions without mutating child settings 
    tools/characterRig/tests/browser/hierarchy.spec.ts:30:1 › socket numeric and drag editing, crop independence and invalid socket recovery 
    tools/characterRig/tests/browser/hierarchy.spec.ts:44:1 › obsolete and future rig files are rejected without losing edits; current files still round-trip 
    tools/characterRig/tests/browser/pixels.spec.ts:3:1 › separable PNG reconstructs pixel-for-pixel in the real Pixi renderer, including pivot edits 
    tools/characterRig/tests/browser/pixels.spec.ts:12:1 › hierarchy inherits rotation while global layer order, parent hiding and child solo remain independent 
  7 passed (4.9m)
