
> tacticssd@0.1.0 verify
> npm run lint && npm run build && npm run test:all


> tacticssd@0.1.0 lint
> tsc --noEmit && git diff --check


> tacticssd@0.1.0 build
> tsc --noEmit && vite build

vite v8.3.1 building client environment for production...
transforming...
✓ 820 modules transformed.
rendering chunks...
computing gzip size...
dist/index.html                                       0.50 kB │ gzip:  0.34 kB
dist/game/index.html                                  0.57 kB │ gzip:  0.35 kB
dist/tools/characterRig/index.html                    1.09 kB │ gzip:  0.46 kB
dist/assets/weapons-D_UtZ_hF.png                    988.47 kB
dist/assets/elf-adult-26pose-sheet-DhBFsN_r.png   1,067.14 kB
dist/assets/dawn-parts-BDqVgwso.png               1,440.08 kB
dist/assets/elf-parts-sheet-DtgqXvRE.png          1,758.15 kB
dist/assets/items-CE-hbH-j.png                    3,191.21 kB
dist/assets/terrain-CP2e0Suw.png                  3,206.65 kB
dist/assets/world-map-DQ14sUO_.png                3,897.36 kB
dist/assets/main-CI-GPnD7.css                         2.39 kB │ gzip:  0.95 kB
dist/assets/characterRig-BYmJ0lht.css                 9.11 kB │ gzip:  2.79 kB
dist/assets/game-BGn1dWqL.css                        17.58 kB │ gzip:  4.87 kB
dist/assets/webworkerAll-Ca8cat8K.js                  0.05 kB │ gzip:  0.06 kB
dist/assets/WebGLRenderer-DeIftrxI.js                 0.07 kB │ gzip:  0.07 kB
dist/assets/CanvasRenderer-CHRIHt4W.js                0.07 kB │ gzip:  0.08 kB
dist/assets/WebGPURenderer-DnyskhE0.js                0.07 kB │ gzip:  0.08 kB
dist/assets/getTextureBatchBindGroup-Ddzz0M-K.js      0.34 kB │ gzip:  0.26 kB
dist/assets/modulepreload-polyfill-P2Xu9kJm.js        0.67 kB │ gzip:  0.38 kB
dist/assets/main-Bg2xod8J.js                          1.87 kB │ gzip:  1.08 kB
dist/assets/canvasUtils-VDRHI1Sg.js                   6.05 kB │ gzip:  2.05 kB
dist/assets/BufferResource-BzFMX2Lp.js               11.02 kB │ gzip:  2.82 kB
dist/assets/init-DmapiEjX.js                         15.72 kB │ gzip:  4.94 kB
dist/assets/init-B4y5jvQ3.js                         24.68 kB │ gzip:  8.49 kB
dist/assets/browserAll-BgOyVNtM.js                   42.65 kB │ gzip: 11.19 kB
dist/assets/WebGPURenderer-3qqQf9c7.js               47.89 kB │ gzip: 13.76 kB
dist/assets/characterRig-BOwSMnC8.js                 47.96 kB │ gzip: 16.05 kB
dist/assets/WebGLRenderer-Bj9kpEtO.js                71.66 kB │ gzip: 19.49 kB
dist/assets/animator-DY6ftgpV.js                     76.59 kB │ gzip: 22.28 kB
dist/assets/RenderTargetSystem-CWRxk8dd.js           78.08 kB │ gzip: 22.10 kB
dist/assets/CanvasRenderer-DO9bQzfc.js               88.51 kB │ gzip: 27.84 kB
dist/assets/CanvasPool-BqlnJ8fZ.js                  110.19 kB │ gzip: 33.52 kB
dist/assets/game-D3hvMXQu.js                        449.39 kB │ gzip: 55.27 kB

✓ built in 446ms

> tacticssd@0.1.0 test:all
> npm run test && npm run test:browser


> tacticssd@0.1.0 test
> vitest run


 RUN  v5.0.2 /home/deck/Documents/TacticsSD


 Test Files  9 passed (9)
      Tests  87 passed (87)
   Start at  00:40:09
   Duration  1.43s (import 41%, transform 39%, tests 18%, worker 2%)

  Transform  transforming modules took 2.16s · 39% of tracked time, re-done on every run
             persist transforms across runs with fsModuleCache: true
             learn more: https://vitest.dev/guide/improving-performance#caching-between-reruns


> tacticssd@0.1.0 test:browser
> playwright test

[WebServer] (node:556316) Warning: The 'NO_COLOR' env is ignored due to the 'FORCE_COLOR' env being set.
[WebServer] (Use `node --trace-warnings ...` to show where the warning was created)

Running 49 tests using 1 worker

(node:556343) Warning: The 'NO_COLOR' env is ignored due to the 'FORCE_COLOR' env being set.
(Use `node --trace-warnings ...` to show where the warning was created)
  ✓   1 tests/browser/navigation.spec.ts:10:1 › main loads independently, buttons navigate into the tool and back without duplicate renderers (4.4s)
  ✓   2 tests/browser/navigation.spec.ts:37:1 › tool supports direct links, reload, browser back and forward (3.0s)
  ✓   3 tests/browser/navigation.spec.ts:50:1 › leaving an edited rig can be cancelled to keep the draft (1.3s)
  ✓   4 tests/browser/navigation.spec.ts:63:1 › main page and tool entry remain keyboard accessible at mobile width (1.2s)
  ✓   5 tests/game/tests/browser/elf-sprites.spec.ts:4:1 › all sprite frames have transparent gutters and hand sockets intersect the painted glove (1.7s)
  ✓   6 tests/game/tests/browser/elf-sprites.spec.ts:33:1 › actual canvas equipment and all four directions mirror together in both view scales (2.4s)
  ✓   7 tests/game/tests/browser/elf-sprites.spec.ts:60:1 › walking follows each path segment and pausing or switching view does not advance the body clock (2.4s)
  ✓   8 tests/game/tests/browser/elf-sprites.spec.ts:80:1 › renderer routes items to jump poses and restores the atlas after a custom rig (2.1s)
  ✓   9 tests/game/tests/browser/elf-sprites.spec.ts:107:1 › runtime uses the real browser DPR instead of forcing DPR2 (3.0s)
  ✓  10 tests/game/tests/browser/expansion.spec.ts:8:1 › editor v2 export, replacement import and reload preserve the actual game art (5.9s)
  ✓  11 tests/game/tests/browser/expansion.spec.ts:20:1 › six recruits and training actions stay visible at 1024×768 DPR2 and saved learning is playable (3.9s)
  ✓  12 tests/game/tests/browser/expansion.spec.ts:23:1 › mockpad equips all five slots, sees summed stats and restores them into battle (13.4s)
  ✓  13 tests/game/tests/browser/game.spec.ts:134:1 › keyboard full campaign, equipment, save and real 1024x768 DPR2 screenshots (2.9m)
  ✓  14 tests/game/tests/browser/game.spec.ts:187:1 › simulated standard gamepad completes battle and reconnect restores focus safely (1.1m)
  ✓  15 tests/game/tests/browser/game.spec.ts:223:1 › mapping keyboard capture, cancel, saved restore and defaults; responsive resize (4.1s)
  ✓  16 tests/game/tests/browser/game.spec.ts:255:1 › defeat and restart accessible with keyboard, corrupted saves recover (24.5s)
  ✓  17 tests/game/tests/browser/game.spec.ts:271:1 › gamepad button remap persists, modal traps focus, moving view stays on same logical tile (11.4s)
  ✓  18 tests/game/tests/browser/game.spec.ts:337:1 › generated rig opens in existing editor, animates four directions and saves v2 without altering original presets (1.9s)
  ✓  19 tests/game/tests/browser/regression.spec.ts:9:1 › F01 keyboard focus on target cancel returns without attacking (5.8s)
  ✓  20 tests/game/tests/browser/regression.spec.ts:10:1 › F02 controller can cancel both keyboard and button capture without a keyboard (1.7s)
  ✓  21 tests/game/tests/browser/regression.spec.ts:11:1 › F03 reserved Tab is not saved; a remapped Space performs only its action (3.9s)
  ✓  22 tests/game/tests/browser/regression.spec.ts:12:1 › F04 held input cannot dismiss pause on refocus or controller disconnect (3.5s)
  ✓  23 tests/game/tests/browser/regression.spec.ts:13:1 › F05 canceling end-turn grants no free guard (3.7s)
  ✓  24 tests/game/tests/browser/regression.spec.ts:14:1 › F08 editor replacement references are rendered rather than silently discarded (1.6s)
  ✓  25 tests/game/tests/browser/regression.spec.ts:15:1 › F09 unit labels are drawn after all opaque terrain and sprites in both projections (1.5s)
  ✓  26 tests/game/tests/browser/regression.spec.ts:17:1 › Tab focus on settings during facing opens settings without ending the AT (4.1s)
  ✓  27 tests/game/tests/browser/shop.spec.ts:14:31 › keyboard buys, cancels, sells, locks equipped copies and restores quantities (4.0s)
  ✓  28 tests/game/tests/browser/shop.spec.ts:14:31 › mockpad buys, cancels, sells, locks equipped copies and restores quantities (20.2s)
  ✓  29 tests/game/tests/browser/shop.spec.ts:22:1 › mockpad source bow purchase equips only the archer and restores into a real battle (13.1s)
  ✓  30 tests/game/tests/browser/shop.spec.ts:26:1 › storage failure rolls back, held mixed confirm trades once, cancel wins and disconnect cancels pending trade (7.1s)
  ✓  31 tests/game/tests/browser/shop.spec.ts:33:1 › catalog unavailable rows have no purchase action; all shop filters and loaded icons fit DPR2 minimum (2.3s)
  ✓  32 tests/game/tests/browser/shop.spec.ts:40:1 › expanded seven-item bag keeps its return action visible at minimum size (1.7s)
  ✓  33 tests/game/tests/browser/shop.spec.ts:43:1 › stage preview keeps all 64 transformed terrain cells inside the viewport (1.5s)
  ✓  34 tools/characterRig/tests/browser/directions.spec.ts:9:1 › upright defaults, mirrored joints, targeted reset and saved custom directions (3.5s)
  ✓  35 tools/characterRig/tests/browser/editor.spec.ts:13:1 › generated elf: edit both views, drag and resize in original pixels, keyboard, zoom and playback (3.0s)
  ✓  36 tools/characterRig/tests/browser/editor.spec.ts:55:1 › direction presets, visibility, solo, base transforms and immediate paused rendering (2.7s)
  ✓  37 tools/characterRig/tests/browser/editor.spec.ts:71:1 › save actual download, new session import, missing-image and replacement reconnect (3.4s)
  ✓  38 tools/characterRig/tests/browser/editor.spec.ts:87:1 › invalid JSON, bounds, bad files and mismatched relink retain the usable project (1.7s)
  ✓  39 tools/characterRig/tests/browser/editor.spec.ts:98:1 › image replacement and editor re-entry do not accumulate listeners, sprites or assets (3.7s)
  ✓  40 tools/characterRig/tests/browser/editor.spec.ts:116:1 › DPR and narrow layout preserve source coordinates and provide keyboard-accessible uploads (1.8s)
  ✓  41 tools/characterRig/tests/browser/editor.spec.ts:126:1 › all six parts can be drawn and numerically adjusted on Front and Back; cancel releases drag (5.0s)
  ✓  42 tools/characterRig/tests/browser/editor.spec.ts:146:1 › different-size and padded Front/Back align their displayed reference height and ground (1.4s)
  ✓  43 tools/characterRig/tests/browser/editor.spec.ts:163:1 › default atlas has transparent gaps, opaque costume, aligned soles and stable walk/reset (1.7s)
  ✓  44 tools/characterRig/tests/browser/editor.spec.ts:184:1 › original JPG can be loaded with an explicit nontransparent-background notice (1.3s)
  ✓  45 tools/characterRig/tests/browser/hierarchy.spec.ts:9:1 › body editing moves every joint in both views and all isometric directions without mutating child settings (1.9s)
  ✓  46 tools/characterRig/tests/browser/hierarchy.spec.ts:30:1 › socket numeric and drag editing, crop independence and invalid socket recovery (1.5s)
  ✓  47 tools/characterRig/tests/browser/hierarchy.spec.ts:44:1 › obsolete and future rig files are rejected without losing edits; current files still round-trip (1.5s)
  ✓  48 tools/characterRig/tests/browser/pixels.spec.ts:3:1 › separable PNG reconstructs pixel-for-pixel in the real Pixi renderer, including pivot edits (1.0s)
  ✓  49 tools/characterRig/tests/browser/pixels.spec.ts:12:1 › hierarchy inherits rotation while global layer order, parent hiding and child solo remain independent (959ms)

  49 passed (7.3m)
