
> tacticssd@0.1.0 build
> tsc --noEmit && vite build

vite v8.3.1 building client environment for production...
transforming...
✓ 842 modules transformed.
rendering chunks...
computing gzip size...
dist/index.html                                       0.50 kB │ gzip:   0.34 kB
dist/game/index.html                                  0.57 kB │ gzip:   0.35 kB
dist/tools/characterRig/index.html                    1.09 kB │ gzip:   0.46 kB
dist/assets/rig-CZoKjlkC.json                        18.07 kB │ gzip:   1.43 kB
dist/assets/rig-CmCcEouX.json                        18.09 kB │ gzip:   1.44 kB
dist/assets/rig-cZxgSxGH.json                        18.10 kB │ gzip:   1.45 kB
dist/assets/rig-EutRZvD4.json                        18.12 kB │ gzip:   1.46 kB
dist/assets/rig-C2lcAYDT.json                        18.13 kB │ gzip:   1.44 kB
dist/assets/rig-CevnnArk.json                        18.15 kB │ gzip:   1.44 kB
dist/assets/rig-ZDzVr3hc.json                        18.15 kB │ gzip:   1.46 kB
dist/assets/rig-uHZpksMA.json                        18.16 kB │ gzip:   1.47 kB
dist/assets/weapons-D_UtZ_hF.png                    988.47 kB
dist/assets/elf-parts-sheet-DtgqXvRE.png          1,758.15 kB
dist/assets/parts-D5trDIst.png                    1,796.60 kB
dist/assets/parts-B-kQwA1C.png                    1,957.56 kB
dist/assets/parts-BYZeEZq5.png                    1,986.04 kB
dist/assets/parts-De7ki-ut.png                    2,062.46 kB
dist/assets/parts-CY1zWPDK.png                    2,137.03 kB
dist/assets/parts-NsWwtzab.png                    2,146.41 kB
dist/assets/parts-CvmPNMwI.png                    2,465.89 kB
dist/assets/parts-s3ZPWmtn.png                    2,535.83 kB
dist/assets/items-CE-hbH-j.png                    3,191.21 kB
dist/assets/terrain-CP2e0Suw.png                  3,206.65 kB
dist/assets/world-map-DQ14sUO_.png                3,897.36 kB
dist/assets/main-CI-GPnD7.css                         2.39 kB │ gzip:   0.95 kB
dist/assets/characterRig-BdmKTItN.css                 9.26 kB │ gzip:   2.83 kB
dist/assets/game-DTmEJbs_.css                        19.35 kB │ gzip:   5.23 kB
dist/assets/webworkerAll-Ca8cat8K.js                  0.05 kB │ gzip:   0.06 kB
dist/assets/WebGLRenderer-DeIftrxI.js                 0.07 kB │ gzip:   0.07 kB
dist/assets/CanvasRenderer-CHRIHt4W.js                0.07 kB │ gzip:   0.08 kB
dist/assets/WebGPURenderer-DnyskhE0.js                0.07 kB │ gzip:   0.08 kB
dist/assets/getTextureBatchBindGroup-Ddzz0M-K.js      0.34 kB │ gzip:   0.26 kB
dist/assets/modulepreload-polyfill-P2Xu9kJm.js        0.67 kB │ gzip:   0.38 kB
dist/assets/main-Bg2xod8J.js                          1.87 kB │ gzip:   1.08 kB
dist/assets/canvasUtils-VDRHI1Sg.js                   6.05 kB │ gzip:   2.05 kB
dist/assets/BufferResource-BzFMX2Lp.js               11.02 kB │ gzip:   2.82 kB
dist/assets/init-DmapiEjX.js                         15.72 kB │ gzip:   4.94 kB
dist/assets/init-B4y5jvQ3.js                         24.68 kB │ gzip:   8.49 kB
dist/assets/browserAll-BgOyVNtM.js                   42.65 kB │ gzip:  11.19 kB
dist/assets/WebGPURenderer-3qqQf9c7.js               47.89 kB │ gzip:  13.76 kB
dist/assets/WebGLRenderer-Bj9kpEtO.js                71.66 kB │ gzip:  19.49 kB
dist/assets/characterRig-CeUcaYV3.js                 72.93 kB │ gzip:  21.99 kB
dist/assets/RenderTargetSystem-CWRxk8dd.js           78.08 kB │ gzip:  22.10 kB
dist/assets/CanvasRenderer-DO9bQzfc.js               88.51 kB │ gzip:  27.84 kB
dist/assets/CanvasPool-BqlnJ8fZ.js                  110.19 kB │ gzip:  33.52 kB
dist/assets/game-uRzomW9p.js                        440.36 kB │ gzip:  54.34 kB
dist/assets/standee-DV7UI5Bn.js                     652.15 kB │ gzip: 168.93 kB

✓ built in 642ms
[plugin builtin:vite-reporter] 
(!) Some chunks are larger than 500 kB after minification. Consider:
- Using dynamic import() to code-split the application
- Use build.rolldownOptions.output.codeSplitting to improve chunking: https://rolldown.rs/reference/OutputOptions.codeSplitting
- Adjust chunk size limit for this warning via build.chunkSizeWarningLimit.
