
> tacticssd@0.1.0 verify
> npm run lint && npm run build && npm run test:all


> tacticssd@0.1.0 lint
> tsc --noEmit && git diff --check


> tacticssd@0.1.0 build
> tsc --noEmit && vite build

vite v8.3.1 building client environment for production...
transforming...
✓ 818 modules transformed.
rendering chunks...
computing gzip size...
dist/index.html                                       0.50 kB │ gzip:  0.34 kB
dist/game/index.html                                  0.57 kB │ gzip:  0.35 kB
dist/tools/characterRig/index.html                    1.09 kB │ gzip:  0.46 kB
dist/assets/weapons-D_UtZ_hF.png                    988.47 kB
dist/assets/dawn-parts-BDqVgwso.png               1,440.08 kB
dist/assets/elf-parts-sheet-DtgqXvRE.png          1,758.15 kB
dist/assets/items-DIUl0JR1.png                    3,179.83 kB
dist/assets/terrain-CP2e0Suw.png                  3,206.65 kB
dist/assets/world-map-DQ14sUO_.png                3,897.36 kB
dist/assets/main-CI-GPnD7.css                         2.39 kB │ gzip:  0.95 kB
dist/assets/characterRig-BYmJ0lht.css                 9.11 kB │ gzip:  2.79 kB
dist/assets/game-kPswadAz.css                        17.32 kB │ gzip:  4.82 kB
dist/assets/webworkerAll-Ca8cat8K.js                  0.05 kB │ gzip:  0.06 kB
dist/assets/WebGLRenderer-DeIftrxI.js                 0.07 kB │ gzip:  0.07 kB
dist/assets/CanvasRenderer-CHRIHt4W.js                0.07 kB │ gzip:  0.08 kB
dist/assets/WebGPURenderer-DnyskhE0.js                0.07 kB │ gzip:  0.08 kB
dist/assets/getTextureBatchBindGroup-Ddzz0M-K.js      0.34 kB │ gzip:  0.26 kB
dist/assets/modulepreload-polyfill-P2Xu9kJm.js        0.67 kB │ gzip:  0.38 kB
dist/assets/main-Bg2xod8J.js                          1.87 kB │ gzip:  1.08 kB
dist/assets/canvasUtils-VDRHI1Sg.js                   6.05 kB │ gzip:  2.05 kB
dist/assets/BufferResource-BzFMX2Lp.js               11.02 kB │ gzip:  2.82 kB
dist/assets/init-DmapiEjX.js                         15.72 kB │ gzip:  4.94 kB
dist/assets/init-B4y5jvQ3.js                         24.68 kB │ gzip:  8.49 kB
dist/assets/browserAll-BgOyVNtM.js                   42.65 kB │ gzip: 11.19 kB
dist/assets/WebGPURenderer-3qqQf9c7.js               47.89 kB │ gzip: 13.76 kB
dist/assets/characterRig-BOwSMnC8.js                 47.96 kB │ gzip: 16.05 kB
dist/assets/WebGLRenderer-Bj9kpEtO.js                71.66 kB │ gzip: 19.49 kB
dist/assets/animator-DY6ftgpV.js                     76.59 kB │ gzip: 22.28 kB
dist/assets/RenderTargetSystem-CWRxk8dd.js           78.08 kB │ gzip: 22.10 kB
dist/assets/CanvasRenderer-DO9bQzfc.js               88.51 kB │ gzip: 27.84 kB
dist/assets/CanvasPool-BqlnJ8fZ.js                  110.19 kB │ gzip: 33.52 kB
dist/assets/game-BsD7N_Ke.js                        436.68 kB │ gzip: 51.44 kB

✓ built in 282ms

> tacticssd@0.1.0 test:all
> npm run test && npm run test:browser


> tacticssd@0.1.0 test
> vitest run


 RUN  v5.0.2 /home/deck/Documents/TacticsSD


 Test Files  8 passed (8)
      Tests  80 passed (80)
   Start at  18:03:12
   Duration  927ms (transform 42%, import 38%, tests 19%, worker 2%)


> tacticssd@0.1.0 test:browser
> playwright test

[WebServer] (node:491538) Warning: The 'NO_COLOR' env is ignored due to the 'FORCE_COLOR' env being set.
[WebServer] (Use `node --trace-warnings ...` to show where the warning was created)

Running 42 tests using 1 worker

(node:491566) Warning: The 'NO_COLOR' env is ignored due to the 'FORCE_COLOR' env being set.
(Use `node --trace-warnings ...` to show where the warning was created)
  ✓   1 tests/browser/navigation.spec.ts:10:1 › main loads independently, buttons navigate into the tool and back without duplicate renderers (2.9s)
  ✓   2 tests/browser/navigation.spec.ts:37:1 › tool supports direct links, reload, browser back and forward (2.1s)
  ✓   3 tests/browser/navigation.spec.ts:50:1 › leaving an edited rig can be cancelled to keep the draft (1.2s)
  ✓   4 tests/browser/navigation.spec.ts:63:1 › main page and tool entry remain keyboard accessible at mobile width (1.1s)
  ✓   5 tests/game/tests/browser/expansion.spec.ts:8:1 › editor v2 export, replacement import and reload preserve the actual game art (3.5s)
  ✓   6 tests/game/tests/browser/expansion.spec.ts:20:1 › six recruits and training actions stay visible at 1024×768 DPR2 and saved learning is playable (2.4s)
  ✘   7 tests/game/tests/browser/expansion.spec.ts:23:1 › mockpad equips all five slots, sees summed stats and restores them into battle (10.2s)

  1 interrupted
    tests/game/tests/browser/expansion.spec.ts:23:1 › mockpad equips all five slots, sees summed stats and restores them into battle 
  35 did not run
  6 passed (27.0s)
