
> tacticssd@0.1.0 verify
> npm run lint && npm run build && npm run test:all


> tacticssd@0.1.0 lint
> tsc --noEmit && git diff --check


> tacticssd@0.1.0 build
> tsc --noEmit && vite build

vite v8.3.1 building client environment for production...
transforming...
✓ 814 modules transformed.
rendering chunks...
computing gzip size...
dist/index.html                                       0.50 kB │ gzip:  0.34 kB
dist/game/index.html                                  0.57 kB │ gzip:  0.35 kB
dist/tools/characterRig/index.html                    1.09 kB │ gzip:  0.46 kB
dist/assets/weapons-D_UtZ_hF.png                    988.47 kB
dist/assets/dawn-parts-BDqVgwso.png               1,440.08 kB
dist/assets/elf-parts-sheet-DtgqXvRE.png          1,758.15 kB
dist/assets/terrain-CP2e0Suw.png                  3,206.65 kB
dist/assets/world-map-DQ14sUO_.png                3,897.36 kB
dist/assets/main-CI-GPnD7.css                         2.39 kB │ gzip:  0.95 kB
dist/assets/characterRig-BYmJ0lht.css                 9.11 kB │ gzip:  2.79 kB
dist/assets/game-CGTAMVDt.css                        12.05 kB │ gzip:  3.70 kB
dist/assets/webworkerAll-Ca8cat8K.js                  0.05 kB │ gzip:  0.06 kB
dist/assets/WebGLRenderer-DeIftrxI.js                 0.07 kB │ gzip:  0.07 kB
dist/assets/CanvasRenderer-CHRIHt4W.js                0.07 kB │ gzip:  0.08 kB
dist/assets/WebGPURenderer-DnyskhE0.js                0.07 kB │ gzip:  0.08 kB
dist/assets/getTextureBatchBindGroup-Ddzz0M-K.js      0.34 kB │ gzip:  0.26 kB
dist/assets/modulepreload-polyfill-P2Xu9kJm.js        0.67 kB │ gzip:  0.38 kB
dist/assets/main-Bg2xod8J.js                          1.87 kB │ gzip:  1.08 kB
dist/assets/canvasUtils-VDRHI1Sg.js                   6.05 kB │ gzip:  2.05 kB
dist/assets/BufferResource-BzFMX2Lp.js               11.02 kB │ gzip:  2.82 kB
dist/assets/init-DmapiEjX.js                         15.72 kB │ gzip:  4.94 kB
dist/assets/init-B4y5jvQ3.js                         24.68 kB │ gzip:  8.49 kB
dist/assets/browserAll-BgOyVNtM.js                   42.65 kB │ gzip: 11.19 kB
dist/assets/WebGPURenderer-3qqQf9c7.js               47.89 kB │ gzip: 13.76 kB
dist/assets/characterRig-BOwSMnC8.js                 47.96 kB │ gzip: 16.05 kB
dist/assets/game-CzyJkpX0.js                         68.27 kB │ gzip: 24.87 kB
dist/assets/WebGLRenderer-Bj9kpEtO.js                71.66 kB │ gzip: 19.49 kB
dist/assets/animator-DY6ftgpV.js                     76.59 kB │ gzip: 22.28 kB
dist/assets/RenderTargetSystem-CWRxk8dd.js           78.08 kB │ gzip: 22.10 kB
dist/assets/CanvasRenderer-DO9bQzfc.js               88.51 kB │ gzip: 27.84 kB
dist/assets/CanvasPool-BqlnJ8fZ.js                  110.19 kB │ gzip: 33.52 kB

✓ built in 249ms

> tacticssd@0.1.0 test:all
> npm run test && npm run test:browser


> tacticssd@0.1.0 test
> vitest run


 RUN  v5.0.2 /home/deck/Documents/TacticsSD


 Test Files  7 passed (7)
      Tests  70 passed (70)
   Start at  17:02:50
   Duration  631ms (import 42%, transform 40%, tests 16%, worker 2%)


> tacticssd@0.1.0 test:browser
> playwright test


Running 36 tests using 1 worker

(node:470548) Warning: The 'NO_COLOR' env is ignored due to the 'FORCE_COLOR' env being set.
(Use `node --trace-warnings ...` to show where the warning was created)
  ✓   1 tests/browser/navigation.spec.ts:10:1 › main loads independently, buttons navigate into the tool and back without duplicate renderers (2.8s)
  ✓   2 tests/browser/navigation.spec.ts:37:1 › tool supports direct links, reload, browser back and forward (2.2s)
  ✓   3 tests/browser/navigation.spec.ts:50:1 › leaving an edited rig can be cancelled to keep the draft (1.2s)
  ✓   4 tests/browser/navigation.spec.ts:63:1 › main page and tool entry remain keyboard accessible at mobile width (1.1s)
  ✓   5 tests/game/tests/browser/expansion.spec.ts:8:1 › editor v2 export, replacement import and reload preserve the actual game art (3.0s)
  ✓   6 tests/game/tests/browser/expansion.spec.ts:20:1 › six recruits and training actions stay visible at 1024×768 DPR2 and saved learning is playable (2.2s)
  ✓   7 tests/game/tests/browser/game.spec.ts:134:1 › keyboard full campaign, equipment, save and real 1024x768 DPR2 screenshots (3.4m)
  ✓   8 tests/game/tests/browser/game.spec.ts:187:1 › simulated standard gamepad completes battle and reconnect restores focus safely (1.4m)
  ✓   9 tests/game/tests/browser/game.spec.ts:223:1 › mapping keyboard capture, cancel, saved restore and defaults; responsive resize (3.7s)
  ✓  10 tests/game/tests/browser/game.spec.ts:255:1 › defeat and restart accessible with keyboard, corrupted saves recover (25.0s)
  ✓  11 tests/game/tests/browser/game.spec.ts:270:1 › gamepad button remap persists, modal traps focus, moving view stays on same logical tile (16.8s)
  ✓  12 tests/game/tests/browser/game.spec.ts:336:1 › generated rig opens in existing editor, animates four directions and saves v2 without altering original presets (2.1s)
  ✓  13 tests/game/tests/browser/regression.spec.ts:9:1 › F01 keyboard focus on target cancel returns without attacking (5.6s)
  ✓  14 tests/game/tests/browser/regression.spec.ts:10:1 › F02 controller can cancel both keyboard and button capture without a keyboard (1.2s)
  ✓  15 tests/game/tests/browser/regression.spec.ts:11:1 › F03 reserved Tab is not saved; a remapped Space performs only its action (3.8s)
  ✓  16 tests/game/tests/browser/regression.spec.ts:12:1 › F04 held input cannot dismiss pause on refocus or controller disconnect (3.2s)
  ✓  17 tests/game/tests/browser/regression.spec.ts:13:1 › F05 canceling end-turn grants no free guard (3.7s)
  ✓  18 tests/game/tests/browser/regression.spec.ts:14:1 › F08 editor replacement references are rendered rather than silently discarded (993ms)
  ✓  19 tests/game/tests/browser/regression.spec.ts:15:1 › F09 unit labels are drawn after all opaque terrain and sprites in both projections (997ms)
  ✓  20 tests/game/tests/browser/regression.spec.ts:17:1 › Tab focus on settings during facing opens settings without ending the AT (3.9s)
  ✓  21 tools/characterRig/tests/browser/directions.spec.ts:9:1 › upright defaults, mirrored joints, targeted reset and saved custom directions (4.1s)
  ✓  22 tools/characterRig/tests/browser/editor.spec.ts:13:1 › generated elf: edit both views, drag and resize in original pixels, keyboard, zoom and playback (3.3s)
  ✓  23 tools/characterRig/tests/browser/editor.spec.ts:55:1 › direction presets, visibility, solo, base transforms and immediate paused rendering (3.0s)
  ✓  24 tools/characterRig/tests/browser/editor.spec.ts:71:1 › save actual download, new session import, missing-image and replacement reconnect (3.7s)
  ✓  25 tools/characterRig/tests/browser/editor.spec.ts:87:1 › invalid JSON, bounds, bad files and mismatched relink retain the usable project (1.8s)
  ✓  26 tools/characterRig/tests/browser/editor.spec.ts:98:1 › image replacement and editor re-entry do not accumulate listeners, sprites or assets (3.9s)
  ✓  27 tools/characterRig/tests/browser/editor.spec.ts:116:1 › DPR and narrow layout preserve source coordinates and provide keyboard-accessible uploads (1.9s)
  ✓  28 tools/characterRig/tests/browser/editor.spec.ts:126:1 › all six parts can be drawn and numerically adjusted on Front and Back; cancel releases drag (5.6s)
  ✓  29 tools/characterRig/tests/browser/editor.spec.ts:146:1 › different-size and padded Front/Back align their displayed reference height and ground (1.6s)
  ✓  30 tools/characterRig/tests/browser/editor.spec.ts:163:1 › default atlas has transparent gaps, opaque costume, aligned soles and stable walk/reset (1.8s)
  ✓  31 tools/characterRig/tests/browser/editor.spec.ts:184:1 › original JPG can be loaded with an explicit nontransparent-background notice (1.4s)
  ✓  32 tools/characterRig/tests/browser/hierarchy.spec.ts:9:1 › body editing moves every joint in both views and all isometric directions without mutating child settings (2.1s)
  ✓  33 tools/characterRig/tests/browser/hierarchy.spec.ts:30:1 › socket numeric and drag editing, crop independence and invalid socket recovery (1.6s)
  ✓  34 tools/characterRig/tests/browser/hierarchy.spec.ts:44:1 › obsolete and future rig files are rejected without losing edits; current files still round-trip (1.7s)
  ✓  35 tools/characterRig/tests/browser/pixels.spec.ts:3:1 › separable PNG reconstructs pixel-for-pixel in the real Pixi renderer, including pivot edits (1.1s)
  ✓  36 tools/characterRig/tests/browser/pixels.spec.ts:12:1 › hierarchy inherits rotation while global layer order, parent hiding and child solo remain independent (1.0s)

  Slow test file: tests/game/tests/browser/game.spec.ts (5.7m)
  Consider running tests from slow files in parallel. See: https://playwright.dev/docs/test-parallel
  36 passed (7.0m)
